Archive member included to satisfy reference by file (symbol)

C:/Program Files/mingw64/bin/../lib/gcc/x86_64-w64-mingw32/8.1.0/../../../../x86_64-w64-mingw32/lib/../lib/libmingw32.a(lib64_libmingw32_a-gccmain.o)
                              C:/Program Files/mingw64/bin/../lib/gcc/x86_64-w64-mingw32/8.1.0/../../../../x86_64-w64-mingw32/lib/../lib/crt2.o (__main)
C:/Program Files/mingw64/bin/../lib/gcc/x86_64-w64-mingw32/8.1.0/../../../../x86_64-w64-mingw32/lib/../lib/libmingw32.a(lib64_libmingw32_a-natstart.o)
                              C:/Program Files/mingw64/bin/../lib/gcc/x86_64-w64-mingw32/8.1.0/../../../../x86_64-w64-mingw32/lib/../lib/crt2.o (__native_startup_lock)
C:/Program Files/mingw64/bin/../lib/gcc/x86_64-w64-mingw32/8.1.0/../../../../x86_64-w64-mingw32/lib/../lib/libmingw32.a(lib64_libmingw32_a-wildcard.o)
                              C:/Program Files/mingw64/bin/../lib/gcc/x86_64-w64-mingw32/8.1.0/../../../../x86_64-w64-mingw32/lib/../lib/crt2.o (_dowildcard)
C:/Program Files/mingw64/bin/../lib/gcc/x86_64-w64-mingw32/8.1.0/../../../../x86_64-w64-mingw32/lib/../lib/libmingw32.a(lib64_libmingw32_a-charmax.o)
                              C:/Program Files/mingw64/bin/../lib/gcc/x86_64-w64-mingw32/8.1.0/../../../../x86_64-w64-mingw32/lib/../lib/crt2.o (mingw_initcharmax)
C:/Program Files/mingw64/bin/../lib/gcc/x86_64-w64-mingw32/8.1.0/../../../../x86_64-w64-mingw32/lib/../lib/libmingw32.a(lib64_libmingw32_a-dllargv.o)
                              C:/Program Files/mingw64/bin/../lib/gcc/x86_64-w64-mingw32/8.1.0/../../../../x86_64-w64-mingw32/lib/../lib/crt2.o (_setargv)
C:/Program Files/mingw64/bin/../lib/gcc/x86_64-w64-mingw32/8.1.0/../../../../x86_64-w64-mingw32/lib/../lib/libmingw32.a(lib64_libmingw32_a-gs_support.o)
                              C:/Program Files/mingw64/bin/../lib/gcc/x86_64-w64-mingw32/8.1.0/../../../../x86_64-w64-mingw32/lib/../lib/crt2.o (__security_init_cookie)
C:/Program Files/mingw64/bin/../lib/gcc/x86_64-w64-mingw32/8.1.0/../../../../x86_64-w64-mingw32/lib/../lib/libmingw32.a(lib64_libmingw32_a-_newmode.o)
                              C:/Program Files/mingw64/bin/../lib/gcc/x86_64-w64-mingw32/8.1.0/../../../../x86_64-w64-mingw32/lib/../lib/crt2.o (_newmode)
C:/Program Files/mingw64/bin/../lib/gcc/x86_64-w64-mingw32/8.1.0/../../../../x86_64-w64-mingw32/lib/../lib/libmingw32.a(lib64_libmingw32_a-tlssup.o)
                              C:/Program Files/mingw64/bin/../lib/gcc/x86_64-w64-mingw32/8.1.0/../../../../x86_64-w64-mingw32/lib/../lib/crt2.o (mingw_initltssuo_force)
C:/Program Files/mingw64/bin/../lib/gcc/x86_64-w64-mingw32/8.1.0/../../../../x86_64-w64-mingw32/lib/../lib/libmingw32.a(lib64_libmingw32_a-cinitexe.o)
                              C:/Program Files/mingw64/bin/../lib/gcc/x86_64-w64-mingw32/8.1.0/../../../../x86_64-w64-mingw32/lib/../lib/crt2.o (__xc_z)
C:/Program Files/mingw64/bin/../lib/gcc/x86_64-w64-mingw32/8.1.0/../../../../x86_64-w64-mingw32/lib/../lib/libmingw32.a(lib64_libmingw32_a-merr.o)
                              C:/Program Files/mingw64/bin/../lib/gcc/x86_64-w64-mingw32/8.1.0/../../../../x86_64-w64-mingw32/lib/../lib/crt2.o (__mingw_setusermatherr)
C:/Program Files/mingw64/bin/../lib/gcc/x86_64-w64-mingw32/8.1.0/../../../../x86_64-w64-mingw32/lib/../lib/libmingw32.a(lib64_libmingw32_a-CRT_fp10.o)
                              C:/Program Files/mingw64/bin/../lib/gcc/x86_64-w64-mingw32/8.1.0/../../../../x86_64-w64-mingw32/lib/../lib/crt2.o (_fpreset)
C:/Program Files/mingw64/bin/../lib/gcc/x86_64-w64-mingw32/8.1.0/../../../../x86_64-w64-mingw32/lib/../lib/libmingw32.a(lib64_libmingw32_a-mingw_helpers.o)
                              C:/Program Files/mingw64/bin/../lib/gcc/x86_64-w64-mingw32/8.1.0/../../../../x86_64-w64-mingw32/lib/../lib/crt2.o (mingw_app_type)
C:/Program Files/mingw64/bin/../lib/gcc/x86_64-w64-mingw32/8.1.0/../../../../x86_64-w64-mingw32/lib/../lib/libmingw32.a(lib64_libmingw32_a-pseudo-reloc.o)
                              C:/Program Files/mingw64/bin/../lib/gcc/x86_64-w64-mingw32/8.1.0/../../../../x86_64-w64-mingw32/lib/../lib/crt2.o (_pei386_runtime_relocator)
C:/Program Files/mingw64/bin/../lib/gcc/x86_64-w64-mingw32/8.1.0/../../../../x86_64-w64-mingw32/lib/../lib/libmingw32.a(lib64_libmingw32_a-xtxtmode.o)
                              C:/Program Files/mingw64/bin/../lib/gcc/x86_64-w64-mingw32/8.1.0/../../../../x86_64-w64-mingw32/lib/../lib/crt2.o (_fmode)
C:/Program Files/mingw64/bin/../lib/gcc/x86_64-w64-mingw32/8.1.0/../../../../x86_64-w64-mingw32/lib/../lib/libmingw32.a(lib64_libmingw32_a-crt_handler.o)
                              C:/Program Files/mingw64/bin/../lib/gcc/x86_64-w64-mingw32/8.1.0/../../../../x86_64-w64-mingw32/lib/../lib/crt2.o (__mingw_init_ehandler)
C:/Program Files/mingw64/bin/../lib/gcc/x86_64-w64-mingw32/8.1.0/../../../../x86_64-w64-mingw32/lib/../lib/libmingw32.a(lib64_libmingw32_a-tlsthrd.o)
[...]
Memory Configuration

Name             Origin             Length             Attributes
*default*        0x0000000000000000 0xffffffffffffffff

Linker script and memory map

                0x0000000000400000                __image_base__ = 0x400000
                0x0000000000000000                __dll__ = 0x0
                0x0000000000400000                __ImageBase = 0x400000
                0x0000000000001000                __section_alignment__ = 0x1000
                0x0000000000000200                __file_alignment__ = 0x200
                0x0000000000000004                __major_os_version__ = 0x4
                0x0000000000000000                __minor_os_version__ = 0x0
                0x0000000000000000                __major_image_version__ = 0x0
                0x0000000000000000                __minor_image_version__ = 0x0
                0x0000000000000005                __major_subsystem_version__ = 0x5
                0x0000000000000002                __minor_subsystem_version__ = 0x2
                0x0000000000000003                __subsystem__ = 0x3
                0x0000000000200000                __size_of_stack_reserve__ = 0x200000
                0x0000000000001000                __size_of_stack_commit__ = 0x1000
                0x0000000000100000                __size_of_heap_reserve__ = 0x100000
                0x0000000000001000                __size_of_heap_commit__ = 0x1000
                0x0000000000000000                __loader_flags__ = 0x0
                0x0000000000000000                __dll_characteristics__ = 0x0
LOAD C:/Program Files/mingw64/bin/../lib/gcc/x86_64-w64-mingw32/8.1.0/../../../../x86_64-w64-mingw32/lib/../lib/crt2.o
LOAD C:/Program Files/mingw64/bin/../lib/gcc/x86_64-w64-mingw32/8.1.0/crtbegin.o
LOAD C:\Users\MAXIMI~1\AppData\Local\Temp\cc8S67Hy.o
LOAD C:/Program Files/mingw64/bin/../lib/gcc/x86_64-w64-mingw32/8.1.0/libstdc++.dll.a
LOAD C:/Program Files/mingw64/bin/../lib/gcc/x86_64-w64-mingw32/8.1.0/../../../../x86_64-w64-mingw32/lib/../lib/libmingw32.a
LOAD C:/Program Files/mingw64/bin/../lib/gcc/x86_64-w64-mingw32/8.1.0/../../../../x86_64-w64-mingw32/lib/../lib/libgcc_s.a
LOAD C:/Program Files/mingw64/bin/../lib/gcc/x86_64-w64-mingw32/8.1.0/libgcc.a
LOAD C:/Program Files/mingw64/bin/../lib/gcc/x86_64-w64-mingw32/8.1.0/../../../../x86_64-w64-mingw32/lib/../lib/libmoldname.a
LOAD C:/Program Files/mingw64/bin/../lib/gcc/x86_64-w64-mingw32/8.1.0/../../../../x86_64-w64-mingw32/lib/../lib/libmingwex.a
LOAD C:/Program Files/mingw64/bin/../lib/gcc/x86_64-w64-mingw32/8.1.0/../../../../x86_64-w64-mingw32/lib/../lib/libmsvcrt.a
LOAD C:/Program Files/mingw64/bin/../lib/gcc/x86_64-w64-mingw32/8.1.0/../../../../x86_64-w64-mingw32/lib/../lib/libpthread.dll.a
LOAD C:/Program Files/mingw64/bin/../lib/gcc/x86_64-w64-mingw32/8.1.0/../../../../x86_64-w64-mingw32/lib/../lib/libadvapi32.a
LOAD C:/Program Files/mingw64/bin/../lib/gcc/x86_64-w64-mingw32/8.1.0/../../../../x86_64-w64-mingw32/lib/../lib/libshell32.a
LOAD C:/Program Files/mingw64/bin/../lib/gcc/x86_64-w64-mingw32/8.1.0/../../../../x86_64-w64-mingw32/lib/../lib/libuser32.a
LOAD C:/Program Files/mingw64/bin/../lib/gcc/x86_64-w64-mingw32/8.1.0/../../../../x86_64-w64-mingw32/lib/../lib/libkernel32.a
LOAD C:/Program Files/mingw64/bin/../lib/gcc/x86_64-w64-mingw32/8.1.0/../../../../x86_64-w64-mingw32/lib/../lib/libiconv.a
LOAD C:/Program Files/mingw64/bin/../lib/gcc/x86_64-w64-mingw32/8.1.0/../../../../x86_64-w64-mingw32/lib/../lib/libmingw32.a
LOAD C:/Program Files/mingw64/bin/../lib/gcc/x86_64-w64-mingw32/8.1.0/../../../../x86_64-w64-mingw32/lib/../lib/libgcc_s.a
LOAD C:/Program Files/mingw64/bin/../lib/gcc/x86_64-w64-mingw32/8.1.0/libgcc.a
LOAD C:/Program Files/mingw64/bin/../lib/gcc/x86_64-w64-mingw32/8.1.0/../../../../x86_64-w64-mingw32/lib/../lib/libmoldname.a
LOAD C:/Program Files/mingw64/bin/../lib/gcc/x86_64-w64-mingw32/8.1.0/../../../../x86_64-w64-mingw32/lib/../lib/libmingwex.a
LOAD C:/Program Files/mingw64/bin/../lib/gcc/x86_64-w64-mingw32/8.1.0/../../../../x86_64-w64-mingw32/lib/../lib/libmsvcrt.a
LOAD C:/Program Files/mingw64/bin/../lib/gcc/x86_64-w64-mingw32/8.1.0/crtend.o
                0x00000000000003e0                . = SIZEOF_HEADERS
                0x0000000000001000                . = ALIGN (__section_alignment__)

.text           0x0000000000401000     0x1e00
 *(.init)
 *(.text)
 .text          0x0000000000401000      0x530 C:/Program Files/mingw64/bin/../lib/gcc/x86_64-w64-mingw32/8.1.0/../../../../x86_64-w64-mingw32/lib/../lib/crt2.o
                0x00000000004014b0                WinMainCRTStartup
                0x00000000004014e0                mainCRTStartup
                0x0000000000401510                atexit
 .text          0x0000000000401530       0x20 C:/Program Files/mingw64/bin/../lib/gcc/x86_64-w64-mingw32/8.1.0/crtbegin.o
                0x0000000000401530                __gcc_register_frame
                0x0000000000401540                __gcc_deregister_frame
 .text          0x0000000000401550       0x20 C:\Users\MAXIMI~1\AppData\Local\Temp\cc8S67Hy.o
                0x0000000000401550                main
 .text          0x0000000000401570       0xd0 C:/Program Files/mingw64/bin/../lib/gcc/x86_64-w64-mingw32/8.1.0/../../../../x86_64-w64-mingw32/lib/../lib/libmingw32.a(lib64_libmingw32_a-gccmain.o)
                0x0000000000401570                __do_global_dtors
                0x00000000004015b0                __do_global_ctors
                0x0000000000401620                __main
 .text          0x0000000000401640        0x0 C:/Program Files/mingw64/bin/../lib/gcc/x86_64-w64-mingw32/8.1.0/../../../../x86_64-w64-mingw32/lib/../lib/libmingw32.a(lib64_libmingw32_a-natstart.o)
 .text          0x0000000000401640        0x0 C:/Program Files/mingw64/bin/../lib/gcc/x86_64-w64-mingw32/8.1.0/../../../../x86_64-w64-mingw32/lib/../lib/libmingw32.a(lib64_libmingw32_a-wildcard.o)
 .text          0x0000000000401640       0x10 C:/Program Files/mingw64/bin/../lib/gcc/x86_64-w64-mingw32/8.1.0/../../../../x86_64-w64-mingw32/lib/../lib/libmingw32.a(lib64_libmingw32_a-charmax.o)
 .text          0x0000000000401650       0x10 C:/Program Files/mingw64/bin/../lib/gcc/x86_64-w64-mingw32/8.1.0/../../../../x86_64-w64-mingw32/lib/../lib/libmingw32.a(lib64_libmingw32_a-dllargv.o)
                0x0000000000401650                _setargv
 .text          0x0000000000401660      0x1e0 C:/Program Files/mingw64/bin/../lib/gcc/x86_64-w64-mingw32/8.1.0/../../../../x86_64-w64-mingw32/lib/../lib/libmingw32.a(lib64_libmingw32_a-gs_support.o)
                0x0000000000401660                __security_init_cookie
                0x0000000000401740                __report_gsfailure
 .text          0x0000000000401840        0x0 C:/Program Files/mingw64/bin/../lib/gcc/x86_64-w64-mingw32/8.1.0/../../../../x86_64-w64-mingw32/lib/../lib/libmingw32.a(lib64_libmingw32_a-_newmode.o)
 .text          0x0000000000401840       0xc0 C:/Program Files/mingw64/bin/../lib/gcc/x86_64-w64-mingw32/8.1.0/../../../../x86_64-w64-mingw32/lib/../lib/libmingw32.a(lib64_libmingw32_a-tlssup.o)
                0x0000000000401870                __dyn_tls_init
                0x00000000004018f0                __tlregdtor
 .text          0x0000000000401900        0x0 C:/Program Files/mingw64/bin/../lib/gcc/x86_64-w64-mingw32/8.1.0/../../../../x86_64-w64-mingw32/lib/../lib/libmingw32.a(lib64_libmingw32_a-cinitexe.o)
 .text          0x0000000000401900      0x160 C:/Program Files/mingw64/bin/../lib/gcc/x86_64-w64-mingw32/8.1.0/../../../../x86_64-w64-mingw32/lib/../lib/libmingw32.a(lib64_libmingw32_a-merr.o)
                0x0000000000401900                __mingw_raise_matherr
                0x0000000000401950                __mingw_setusermatherr
                0x0000000000401960                _matherr
 .text          0x0000000000401a60       0x10 C:/Program Files/mingw64/bin/../lib/gcc/x86_64-w64-mingw32/8.1.0/../../../../x86_64-w64-mingw32/lib/../lib/libmingw32.a(lib64_libmingw32_a-CRT_fp10.o)
                0x0000000000401a60                fpreset
                0x0000000000401a60                _fpreset
 .text          0x0000000000401a70       0x20 C:/Program Files/mingw64/bin/../lib/gcc/x86_64-w64-mingw32/8.1.0/../../../../x86_64-w64-mingw32/lib/../lib/libmingw32.a(lib64_libmingw32_a-mingw_helpers.o)
                0x0000000000401a70                _decode_pointer
                0x0000000000401a80                _encode_pointer
 .text          0x0000000000401a90      0x490 C:/Program Files/mingw64/bin/../lib/gcc/x86_64-w64-mingw32/8.1.0/../../../../x86_64-w64-mingw32/lib/../lib/libmingw32.a(lib64_libmingw32_a-pseudo-reloc.o)
                0x0000000000401c60                _pei386_runtime_relocator
 .text          0x0000000000401f20        0x0 C:/Program Files/mingw64/bin/../lib/gcc/x86_64-w64-mingw32/8.1.0/../../../../x86_64-w64-mingw32/lib/../lib/libmingw32.a(lib64_libmingw32_a-xtxtmode.o)
 .text          0x0000000000401f20      0x480 C:/Program Files/mingw64/bin/../lib/gcc/x86_64-w64-mingw32/8.1.0/../../../../x86_64-w64-mingw32/lib/../lib/libmingw32.a(lib64_libmingw32_a-crt_handler.o)
                0x0000000000401f20                __mingw_SEH_error_handler
                0x00000000004020c0                __mingw_init_ehandler
                0x00000000004021b0                _gnu_exception_handler
 .text          0x00000000004023a0      0x270 C:/Program Files/mingw64/bin/../lib/gcc/x86_64-w64-mingw32/8.1.0/../../../../x86_64-w64-mingw32/lib/../lib/libmingw32.a(lib64_libmingw32_a-tlsthrd.o)
                0x0000000000402410                ___w64_mingwthr_add_key_dtor
                0x0000000000402490                ___w64_mingwthr_remove_key_dtor
                0x0000000000402530                __mingw_TLScallback
 .text          0x0000000000402610        0x0 C:/Program Files/mingw64/bin/../lib/gcc/x86_64-w64-mingw32/8.1.0/../../../../x86_64-w64-mingw32/lib/../lib/libmingw32.a(lib64_libmingw32_a-tlsmcrt.o)
 .text          0x0000000000402610        0x0 C:/Program Files/mingw64/bin/../lib/gcc/x86_64-w64-mingw32/8.1.0/../../../../x86_64-w64-mingw32/lib/../lib/libmingw32.a(lib64_libmingw32_a-pseudo-reloc-list.o)
 .text          0x0000000000402610      0x3e0 C:/Program Files/mingw64/bin/../lib/gcc/x86_64-w64-mingw32/8.1.0/../../../../x86_64-w64-mingw32/lib/../lib/libmingw32.a(lib64_libmingw32_a-pesect.o)
                0x0000000000402630                _ValidateImageBase
                0x0000000000402650                _FindPESection
                0x00000000004026a0                _FindPESectionByName
                0x0000000000402730                __mingw_GetSectionForAddress
                0x00000000004027b0                __mingw_GetSectionCount
                0x00000000004027f0                _FindPESectionExec
                0x0000000000402860                _GetPEImageBase
                0x00000000004028a0                _IsNonwritableInCurrentImage
                0x0000000000402940                __mingw_enum_import_library_names
 .text          0x00000000004029f0       0x40 C:/Program Files/mingw64/bin/../lib/gcc/x86_64-w64-mingw32/8.1.0/libgcc.a(_chkstk_ms.o)
                0x00000000004029f0                ___chkstk_ms
 .text          0x0000000000402a30        0x0 C:/Program Files/mingw64/bin/../lib/gcc/x86_64-w64-mingw32/8.1.0/libgcc.a(_ctors.o)
 .text          0x0000000000402a30        0x0 C:/Program Files/mingw64/bin/../lib/gcc/x86_64-w64-mingw32/8.1.0/../../../../x86_64-w64-mingw32/lib/../lib/libmingwex.a(lib64_libmingwex_a-mingw_matherr.o)
 .text          0x0000000000402a30        0x8 C:/Program Files/mingw64/bin/../lib/gcc/x86_64-w64-mingw32/8.1.0/../../../../x86_64-w64-mingw32/lib/../lib/libmsvcrt.a(duags01243.o)
                0x0000000000402a30                vfprintf
 .text          0x0000000000402a38        0x8 C:/Program Files/mingw64/bin/../lib/gcc/x86_64-w64-mingw32/8.1.0/../../../../x86_64-w64-mingw32/lib/../lib/libmsvcrt.a(duags01211.o)
                0x0000000000402a38                strncmp
 .text          0x0000000000402a40        0x8 C:/Program Files/mingw64/bin/../lib/gcc/x86_64-w64-mingw32/8.1.0/../../../../x86_64-w64-mingw32/lib/../lib/libmsvcrt.a(duags01208.o)
                0x0000000000402a40                strlen
 .text          0x0000000000402a48        0x8 C:/Program Files/mingw64/bin/../lib/gcc/x86_64-w64-mingw32/8.1.0/../../../../x86_64-w64-mingw32/lib/../lib/libmsvcrt.a(duags01187.o)
                0x0000000000402a48                signal
 .text          0x0000000000402a50        0x8 C:/Program Files/mingw64/bin/../lib/gcc/x86_64-w64-mingw32/8.1.0/../../../../x86_64-w64-mingw32/lib/../lib/libmsvcrt.a(duags01157.o)
                0x0000000000402a50                memcpy
 .text          0x0000000000402a58        0x8 C:/Program Files/mingw64/bin/../lib/gcc/x86_64-w64-mingw32/8.1.0/../../../../x86_64-w64-mingw32/lib/../lib/libmsvcrt.a(duags01149.o)
                0x0000000000402a58                malloc
 .text          0x0000000000402a60        0x8 C:/Program Files/mingw64/bin/../lib/gcc/x86_64-w64-mingw32/8.1.0/../../../../x86_64-w64-mingw32/lib/../lib/libmsvcrt.a(duags01101.o)
                0x0000000000402a60                fwrite
 .text          0x0000000000402a68        0x8 C:/Program Files/mingw64/bin/../lib/gcc/x86_64-w64-mingw32/8.1.0/../../../../x86_64-w64-mingw32/lib/../lib/libmsvcrt.a(duags01089.o)
                0x0000000000402a68                free
 .text          0x0000000000402a70        0x8 C:/Program Files/mingw64/bin/../lib/gcc/x86_64-w64-mingw32/8.1.0/../../../../x86_64-w64-mingw32/lib/../lib/libmsvcrt.a(duags01082.o)
                0x0000000000402a70                fprintf
 .text          0x0000000000402a78        0x8 C:/Program Files/mingw64/bin/../lib/gcc/x86_64-w64-mingw32/8.1.0/../../../../x86_64-w64-mingw32/lib/../lib/libmsvcrt.a(duags01063.o)
                0x0000000000402a78                exit
 .text          0x0000000000402a80        0x8 C:/Program Files/mingw64/bin/../lib/gcc/x86_64-w64-mingw32/8.1.0/../../../../x86_64-w64-mingw32/lib/../lib/libmsvcrt.a(duags01050.o)
                0x0000000000402a80                calloc
 .text          0x0000000000402a88        0x8 C:/Program Files/mingw64/bin/../lib/gcc/x86_64-w64-mingw32/8.1.0/../../../../x86_64-w64-mingw32/lib/../lib/libmsvcrt.a(duags01032.o)
                0x0000000000402a88                abort
 .text          0x0000000000402a90        0x8 C:/Program Files/mingw64/bin/../lib/gcc/x86_64-w64-mingw32/8.1.0/../../../../x86_64-w64-mingw32/lib/../lib/libmsvcrt.a(duags00614.o)
                0x0000000000402a90                _onexit
 .text          0x0000000000402a98        0x8 C:/Program Files/mingw64/bin/../lib/gcc/x86_64-w64-mingw32/8.1.0/../../../../x86_64-w64-mingw32/lib/../lib/libmsvcrt.a(duags00332.o)
                0x0000000000402a98                _initterm
 .text          0x0000000000402aa0        0x8 C:/Program Files/mingw64/bin/../lib/gcc/x86_64-w64-mingw32/8.1.0/../../../../x86_64-w64-mingw32/lib/../lib/libmsvcrt.a(duags00141.o)
                0x0000000000402aa0                _cexit
 .text          0x0000000000402aa8        0x8 C:/Program Files/mingw64/bin/../lib/gcc/x86_64-w64-mingw32/8.1.0/../../../../x86_64-w64-mingw32/lib/../lib/libmsvcrt.a(duags00122.o)
                0x0000000000402aa8                _amsg_exit
 .text          0x0000000000402ab0        0x8 C:/Program Files/mingw64/bin/../lib/gcc/x86_64-w64-mingw32/8.1.0/../../../../x86_64-w64-mingw32/lib/../lib/libmsvcrt.a(duags00098.o)
                0x0000000000402ab0                __setusermatherr
 .text          0x0000000000402ab8        0x8 C:/Program Files/mingw64/bin/../lib/gcc/x86_64-w64-mingw32/8.1.0/../../../../x86_64-w64-mingw32/lib/../lib/libmsvcrt.a(duags00096.o)
                0x0000000000402ab8                __set_app_type
 .text          0x0000000000402ac0        0x8 C:/Program Files/mingw64/bin/../lib/gcc/x86_64-w64-mingw32/8.1.0/../../../../x86_64-w64-mingw32/lib/../lib/libmsvcrt.a(duags00090.o)
                0x0000000000402ac0                __lconv_init
 .text          0x0000000000402ac8        0x0 C:/Program Files/mingw64/bin/../lib/gcc/x86_64-w64-mingw32/8.1.0/../../../../x86_64-w64-mingw32/lib/../lib/libmsvcrt.a(duags00082.o)
 .text          0x0000000000402ac8        0x8 C:/Program Files/mingw64/bin/../lib/gcc/x86_64-w64-mingw32/8.1.0/../../../../x86_64-w64-mingw32/lib/../lib/libmsvcrt.a(duags00081.o)
                0x0000000000402ac8                __getmainargs
 .text          0x0000000000402ad0        0x8 C:/Program Files/mingw64/bin/../lib/gcc/x86_64-w64-mingw32/8.1.0/../../../../x86_64-w64-mingw32/lib/../lib/libmsvcrt.a(duags00055.o)
                0x0000000000402ad0                __C_specific_handler
 *fill*         0x0000000000402ad8        0x8 
 .text          0x0000000000402ae0       0x20 C:/Program Files/mingw64/bin/../lib/gcc/x86_64-w64-mingw32/8.1.0/../../../../x86_64-w64-mingw32/lib/../lib/libmsvcrt.a(lib64_libmsvcrt_os_a-acrt_iob_func.o)
                0x0000000000402ae0                __acrt_iob_func
 .text          0x0000000000402b00       0x20 C:/Program Files/mingw64/bin/../lib/gcc/x86_64-w64-mingw32/8.1.0/../../../../x86_64-w64-mingw32/lib/../lib/libmsvcrt.a(lib64_libmsvcrt_os_a-invalid_parameter_handler.o)
                0x0000000000402b00                _get_invalid_parameter_handler
                0x0000000000402b10                _set_invalid_parameter_handler
 .text          0x0000000000402b20       0x10 C:/Program Files/mingw64/bin/../lib/gcc/x86_64-w64-mingw32/8.1.0/../../../../x86_64-w64-mingw32/lib/../lib/libmsvcrt.a(lib64_libmsvcrt_os_a-__p__acmdln.o)
                0x0000000000402b20                __p__acmdln
 .text          0x0000000000402b30       0x10 C:/Program Files/mingw64/bin/../lib/gcc/x86_64-w64-mingw32/8.1.0/../../../../x86_64-w64-mingw32/lib/../lib/libmsvcrt.a(lib64_libmsvcrt_os_a-__p__fmode.o)
                0x0000000000402b30                __p__fmode
 .text          0x0000000000402b40        0x0 C:/Program Files/mingw64/bin/../lib/gcc/x86_64-w64-mingw32/8.1.0/../../../../x86_64-w64-mingw32/lib/../lib/libmsvcrt.a(duagh.o)
 .text          0x0000000000402b40        0x0 C:/Program Files/mingw64/bin/../lib/gcc/x86_64-w64-mingw32/8.1.0/../../../../x86_64-w64-mingw32/lib/../lib/libmsvcrt.a(duags00115.o)
 .text          0x0000000000402b40        0x8 C:/Program Files/mingw64/bin/../lib/gcc/x86_64-w64-mingw32/8.1.0/../../../../x86_64-w64-mingw32/lib/../lib/libmsvcrt.a(duags00083.o)
                0x0000000000402b40                __iob_func
 *fill*         0x0000000000402b48        0x8 
 .text          0x0000000000402b50        0x0 C:/Program Files/mingw64/bin/../lib/gcc/x86_64-w64-mingw32/8.1.0/../../../../x86_64-w64-mingw32/lib/../lib/libmsvcrt.a(duagt.o)
 .text          0x0000000000402b50        0x8 C:/Program Files/mingw64/bin/../lib/gcc/x86_64-w64-mingw32/8.1.0/../../../../x86_64-w64-mingw32/lib/../lib/libkernel32.a(dqifs01445.o)
                0x0000000000402b50                VirtualQuery
 .text          0x0000000000402b58        0x8 C:/Program Files/mingw64/bin/../lib/gcc/x86_64-w64-mingw32/8.1.0/../../../../x86_64-w64-mingw32/lib/../lib/libkernel32.a(dqifs01443.o)
                0x0000000000402b58                VirtualProtect
 .text          0x0000000000402b60        0x8 C:/Program Files/mingw64/bin/../lib/gcc/x86_64-w64-mingw32/8.1.0/../../../../x86_64-w64-mingw32/lib/../lib/libkernel32.a(dqifs01409.o)
                0x0000000000402b60                UnhandledExceptionFilter
 .text          0x0000000000402b68        0x8 C:/Program Files/mingw64/bin/../lib/gcc/x86_64-w64-mingw32/8.1.0/../../../../x86_64-w64-mingw32/lib/../lib/libkernel32.a(dqifs01395.o)
                0x0000000000402b68                TlsGetValue
 .text          0x0000000000402b70        0x8 C:/Program Files/mingw64/bin/../lib/gcc/x86_64-w64-mingw32/8.1.0/../../../../x86_64-w64-mingw32/lib/../lib/libkernel32.a(dqifs01375.o)
                0x0000000000402b70                TerminateProcess
 .text          0x0000000000402b78        0x8 C:/Program Files/mingw64/bin/../lib/gcc/x86_64-w64-mingw32/8.1.0/../../../../x86_64-w64-mingw32/lib/../lib/libkernel32.a(dqifs01360.o)
                0x0000000000402b78                Sleep
 .text          0x0000000000402b80        0x8 C:/Program Files/mingw64/bin/../lib/gcc/x86_64-w64-mingw32/8.1.0/../../../../x86_64-w64-mingw32/lib/../lib/libkernel32.a(dqifs01346.o)
                0x0000000000402b80                SetUnhandledExceptionFilter
 .text          0x0000000000402b88        0x8 C:/Program Files/mingw64/bin/../lib/gcc/x86_64-w64-mingw32/8.1.0/../../../../x86_64-w64-mingw32/lib/../lib/libkernel32.a(dqifs01194.o)
                0x0000000000402b88                RtlVirtualUnwind
 .text          0x0000000000402b90        0x8 C:/Program Files/mingw64/bin/../lib/gcc/x86_64-w64-mingw32/8.1.0/../../../../x86_64-w64-mingw32/lib/../lib/libkernel32.a(dqifs01187.o)
                0x0000000000402b90                RtlLookupFunctionEntry
 .text          0x0000000000402b98        0x8 C:/Program Files/mingw64/bin/../lib/gcc/x86_64-w64-mingw32/8.1.0/../../../../x86_64-w64-mingw32/lib/../lib/libkernel32.a(dqifs01180.o)
                0x0000000000402b98                RtlCaptureContext
 .text          0x0000000000402ba0        0x8 C:/Program Files/mingw64/bin/../lib/gcc/x86_64-w64-mingw32/8.1.0/../../../../x86_64-w64-mingw32/lib/../lib/libkernel32.a(dqifs01179.o)
                0x0000000000402ba0                RtlAddFunctionTable
 .text          0x0000000000402ba8        0x8 C:/Program Files/mingw64/bin/../lib/gcc/x86_64-w64-mingw32/8.1.0/../../../../x86_64-w64-mingw32/lib/../lib/libkernel32.a(dqifs01093.o)
                0x0000000000402ba8                QueryPerformanceCounter
 .text          0x0000000000402bb0        0x8 C:/Program Files/mingw64/bin/../lib/gcc/x86_64-w64-mingw32/8.1.0/../../../../x86_64-w64-mingw32/lib/../lib/libkernel32.a(dqifs00951.o)
                0x0000000000402bb0                LeaveCriticalSection
 .text          0x0000000000402bb8        0x8 C:/Program Files/mingw64/bin/../lib/gcc/x86_64-w64-mingw32/8.1.0/../../../../x86_64-w64-mingw32/lib/../lib/libkernel32.a(dqifs00863.o)
                0x0000000000402bb8                InitializeCriticalSection
 .text          0x0000000000402bc0        0x8 C:/Program Files/mingw64/bin/../lib/gcc/x86_64-w64-mingw32/8.1.0/../../../../x86_64-w64-mingw32/lib/../lib/libkernel32.a(dqifs00774.o)
                0x0000000000402bc0                GetTickCount
 .text          0x0000000000402bc8        0x8 C:/Program Files/mingw64/bin/../lib/gcc/x86_64-w64-mingw32/8.1.0/../../../../x86_64-w64-mingw32/lib/../lib/libkernel32.a(dqifs00746.o)
                0x0000000000402bc8                GetSystemTimeAsFileTime
 .text          0x0000000000402bd0        0x8 C:/Program Files/mingw64/bin/../lib/gcc/x86_64-w64-mingw32/8.1.0/../../../../x86_64-w64-mingw32/lib/../lib/libkernel32.a(dqifs00721.o)
                0x0000000000402bd0                GetStartupInfoA
 .text          0x0000000000402bd8        0x8 C:/Program Files/mingw64/bin/../lib/gcc/x86_64-w64-mingw32/8.1.0/../../../../x86_64-w64-mingw32/lib/../lib/libkernel32.a(dqifs00609.o)
                0x0000000000402bd8                GetLastError
 .text          0x0000000000402be0        0x8 C:/Program Files/mingw64/bin/../lib/gcc/x86_64-w64-mingw32/8.1.0/../../../../x86_64-w64-mingw32/lib/../lib/libkernel32.a(dqifs00540.o)
                0x0000000000402be0                GetCurrentThreadId
 .text          0x0000000000402be8        0x8 C:/Program Files/mingw64/bin/../lib/gcc/x86_64-w64-mingw32/8.1.0/../../../../x86_64-w64-mingw32/lib/../lib/libkernel32.a(dqifs00536.o)
                0x0000000000402be8                GetCurrentProcessId
 .text          0x0000000000402bf0        0x8 C:/Program Files/mingw64/bin/../lib/gcc/x86_64-w64-mingw32/8.1.0/../../../../x86_64-w64-mingw32/lib/../lib/libkernel32.a(dqifs00535.o)
                0x0000000000402bf0                GetCurrentProcess
 .text          0x0000000000402bf8        0x8 C:/Program Files/mingw64/bin/../lib/gcc/x86_64-w64-mingw32/8.1.0/../../../../x86_64-w64-mingw32/lib/../lib/libkernel32.a(dqifs00304.o)
                0x0000000000402bf8                EnterCriticalSection
 .text          0x0000000000402c00        0x8 C:/Program Files/mingw64/bin/../lib/gcc/x86_64-w64-mingw32/8.1.0/../../../../x86_64-w64-mingw32/lib/../lib/libkernel32.a(dqifs00268.o)
                0x0000000000402c00                DeleteCriticalSection
 *fill*         0x0000000000402c08        0x8 
 .text          0x0000000000402c10        0x0 C:/Program Files/mingw64/bin/../lib/gcc/x86_64-w64-mingw32/8.1.0/../../../../x86_64-w64-mingw32/lib/../lib/libkernel32.a(dqifh.o)
 .text          0x0000000000402c10        0x0 C:/Program Files/mingw64/bin/../lib/gcc/x86_64-w64-mingw32/8.1.0/../../../../x86_64-w64-mingw32/lib/../lib/libkernel32.a(dqift.o)
 .text          0x0000000000402c10        0x0 C:/Program Files/mingw64/bin/../lib/gcc/x86_64-w64-mingw32/8.1.0/../../../../x86_64-w64-mingw32/lib/../lib/libmsvcrt.a(duags00253.o)
 .text          0x0000000000402c10        0x0 C:/Program Files/mingw64/bin/../lib/gcc/x86_64-w64-mingw32/8.1.0/crtend.o
 *(SORT_BY_NAME(.text$*))
 *(.text.*)
 .text.unlikely
                0x0000000000402c10       0x70 C:/Program Files/mingw64/bin/../lib/gcc/x86_64-w64-mingw32/8.1.0/../../../../x86_64-w64-mingw32/lib/../lib/libmingw32.a(lib64_libmingw32_a-pseudo-reloc.o)
 .text.startup  0x0000000000402c80       0x10 C:/Program Files/mingw64/bin/../lib/gcc/x86_64-w64-mingw32/8.1.0/crtend.o
 *(.gnu.linkonce.t.*)
 *(.glue_7t)
 *(.glue_7)
                0x0000000000402c90                . = ALIGN (0x8)
                0x0000000000402c90                ___CTOR_LIST__ = .
                0x0000000000402c90                __CTOR_LIST__ = .
                0x0000000000402c90        0x4 LONG 0xffffffffffffffff
                0x0000000000402c94        0x4 LONG 0xffffffffffffffff
 *(.ctors)
 *(.ctor)
 *(SORT_BY_NAME(.ctors.*))
 .ctors.65535   0x0000000000402c98        0x8 C:/Program Files/mingw64/bin/../lib/gcc/x86_64-w64-mingw32/8.1.0/crtend.o
                0x0000000000402ca0        0x4 LONG 0x0
                0x0000000000402ca4        0x4 LONG 0x0
                0x0000000000402ca8                ___DTOR_LIST__ = .
                0x0000000000402ca8                __DTOR_LIST__ = .
                0x0000000000402ca8        0x4 LONG 0xffffffffffffffff
                0x0000000000402cac        0x4 LONG 0xffffffffffffffff
 *(.dtors)
 *(.dtor)
 *(SORT_BY_NAME(.dtors.*))
                0x0000000000402cb0        0x4 LONG 0x0
                0x0000000000402cb4        0x4 LONG 0x0
 *(.fini)
 *(.gcc_exc)
                [!provide]                        PROVIDE (etext = .)
 *(.gcc_except_table)

.data           0x0000000000403000      0x200
                0x0000000000403000                __data_start__ = .
 *(.data)
 .data          0x0000000000403000       0x10 C:/Program Files/mingw64/bin/../lib/gcc/x86_64-w64-mingw32/8.1.0/../../../../x86_64-w64-mingw32/lib/../lib/crt2.o
                0x0000000000403000                __mingw_winmain_nShowCmd
 .data          0x0000000000403010        0x0 C:/Program Files/mingw64/bin/../lib/gcc/x86_64-w64-mingw32/8.1.0/crtbegin.o
 .data          0x0000000000403010       0x10 C:\Users\MAXIMI~1\AppData\Local\Temp\cc8S67Hy.o
                0x0000000000403010                varI
 .data          0x0000000000403020       0x10 C:/Program Files/mingw64/bin/../lib/gcc/x86_64-w64-mingw32/8.1.0/../../../../x86_64-w64-mingw32/lib/../lib/libmingw32.a(lib64_libmingw32_a-gccmain.o)
 .data          0x0000000000403030       0x10 C:/Program Files/mingw64/bin/../lib/gcc/x86_64-w64-mingw32/8.1.0/../../../../x86_64-w64-mingw32/lib/../lib/libmingw32.a(lib64_libmingw32_a-natstart.o)
                0x0000000000403030                __native_vcclrit_reason
                0x0000000000403034                __native_dllmain_reason
 .data          0x0000000000403040       0x10 C:/Program Files/mingw64/bin/../lib/gcc/x86_64-w64-mingw32/8.1.0/../../../../x86_64-w64-mingw32/lib/../lib/libmingw32.a(lib64_libmingw32_a-wildcard.o)
                0x0000000000403040                _dowildcard
 .data          0x0000000000403050       0x10 C:/Program Files/mingw64/bin/../lib/gcc/x86_64-w64-mingw32/8.1.0/../../../../x86_64-w64-mingw32/lib/../lib/libmingw32.a(lib64_libmingw32_a-charmax.o)
                0x0000000000403050                _charmax
 .data          0x0000000000403060        0x0 C:/Program Files/mingw64/bin/../lib/gcc/x86_64-w64-mingw32/8.1.0/../../../../x86_64-w64-mingw32/lib/../lib/libmingw32.a(lib64_libmingw32_a-dllargv.o)
 .data          0x0000000000403060        0x0 C:/Program Files/mingw64/bin/../lib/gcc/x86_64-w64-mingw32/8.1.0/../../../../x86_64-w64-mingw32/lib/../lib/libmingw32.a(lib64_libmingw32_a-gs_support.o)
 .data          0x0000000000403060        0x0 C:/Program Files/mingw64/bin/../lib/gcc/x86_64-w64-mingw32/8.1.0/../../../../x86_64-w64-mingw32/lib/../lib/libmingw32.a(lib64_libmingw32_a-_newmode.o)
 .data          0x0000000000403060        0x0 C:/Program Files/mingw64/bin/../lib/gcc/x86_64-w64-mingw32/8.1.0/../../../../x86_64-w64-mingw32/lib/../lib/libmingw32.a(lib64_libmingw32_a-tlssup.o)
 .data          0x0000000000403060        0x0 C:/Program Files/mingw64/bin/../lib/gcc/x86_64-w64-mingw32/8.1.0/../../../../x86_64-w64-mingw32/lib/../lib/libmingw32.a(lib64_libmingw32_a-cinitexe.o)
 .data          0x0000000000403060        0x0 C:/Program Files/mingw64/bin/../lib/gcc/x86_64-w64-mingw32/8.1.0/../../../../x86_64-w64-mingw32/lib/../lib/libmingw32.a(lib64_libmingw32_a-merr.o)
 .data          0x0000000000403060        0x0 C:/Program Files/mingw64/bin/../lib/gcc/x86_64-w64-mingw32/8.1.0/../../../../x86_64-w64-mingw32/lib/../lib/libmingw32.a(lib64_libmingw32_a-CRT_fp10.o)
 .data          0x0000000000403060        0x0 C:/Program Files/mingw64/bin/../lib/gcc/x86_64-w64-mingw32/8.1.0/../../../../x86_64-w64-mingw32/lib/../lib/libmingw32.a(lib64_libmingw32_a-mingw_helpers.o)
 .data          0x0000000000403060        0x0 C:/Program Files/mingw64/bin/../lib/gcc/x86_64-w64-mingw32/8.1.0/../../../../x86_64-w64-mingw32/lib/../lib/libmingw32.a(lib64_libmingw32_a-pseudo-reloc.o)
 .data          0x0000000000403060        0x0 C:/Program Files/mingw64/bin/../lib/gcc/x86_64-w64-mingw32/8.1.0/../../../../x86_64-w64-mingw32/lib/../lib/libmingw32.a(lib64_libmingw32_a-xtxtmode.o)
 .data          0x0000000000403060        0x0 C:/Program Files/mingw64/bin/../lib/gcc/x86_64-w64-mingw32/8.1.0/../../../../x86_64-w64-mingw32/lib/../lib/libmingw32.a(lib64_libmingw32_a-crt_handler.o)
 .data          0x0000000000403060        0x0 C:/Program Files/mingw64/bin/../lib/gcc/x86_64-w64-mingw32/8.1.0/../../../../x86_64-w64-mingw32/lib/../lib/libmingw32.a(lib64_libmingw32_a-tlsthrd.o)
 .data          0x0000000000403060       0x10 C:/Program Files/mingw64/bin/../lib/gcc/x86_64-w64-mingw32/8.1.0/../../../../x86_64-w64-mingw32/lib/../lib/libmingw32.a(lib64_libmingw32_a-tlsmcrt.o)
                0x0000000000403060                _CRT_MT
 .data          0x0000000000403070        0x0 C:/Program Files/mingw64/bin/../lib/gcc/x86_64-w64-mingw32/8.1.0/../../../../x86_64-w64-mingw32/lib/../lib/libmingw32.a(lib64_libmingw32_a-pseudo-reloc-list.o)
 .data          0x0000000000403070        0x0 C:/Program Files/mingw64/bin/../lib/gcc/x86_64-w64-mingw32/8.1.0/../../../../x86_64-w64-mingw32/lib/../lib/libmingw32.a(lib64_libmingw32_a-pesect.o)
 .data          0x0000000000403070        0x0 C:/Program Files/mingw64/bin/../lib/gcc/x86_64-w64-mingw32/8.1.0/libgcc.a(_chkstk_ms.o)
 .data          0x0000000000403070        0x0 C:/Program Files/mingw64/bin/../lib/gcc/x86_64-w64-mingw32/8.1.0/libgcc.a(_ctors.o)
 .data          0x0000000000403070       0x10 C:/Program Files/mingw64/bin/../lib/gcc/x86_64-w64-mingw32/8.1.0/../../../../x86_64-w64-mingw32/lib/../lib/libmingwex.a(lib64_libmingwex_a-mingw_matherr.o)
                0x0000000000403070                _MINGW_INSTALL_DEBUG_MATHERR
 .data          0x0000000000403080        0x0 C:/Program Files/mingw64/bin/../lib/gcc/x86_64-w64-mingw32/8.1.0/../../../../x86_64-w64-mingw32/lib/../lib/libmsvcrt.a(duags01243.o)
 .data          0x0000000000403080        0x0 C:/Program Files/mingw64/bin/../lib/gcc/x86_64-w64-mingw32/8.1.0/../../../../x86_64-w64-mingw32/lib/../lib/libmsvcrt.a(duags01211.o)
 .data          0x0000000000403080        0x0 C:/Program Files/mingw64/bin/../lib/gcc/x86_64-w64-mingw32/8.1.0/../../../../x86_64-w64-mingw32/lib/../lib/libmsvcrt.a(duags01208.o)
 .data          0x0000000000403080        0x0 C:/Program Files/mingw64/bin/../lib/gcc/x86_64-w64-mingw32/8.1.0/../../../../x86_64-w64-mingw32/lib/../lib/libmsvcrt.a(duags01187.o)
 .data          0x0000000000403080        0x0 C:/Program Files/mingw64/bin/../lib/gcc/x86_64-w64-mingw32/8.1.0/../../../../x86_64-w64-mingw32/lib/../lib/libmsvcrt.a(duags01157.o)
 .data          0x0000000000403080        0x0 C:/Program Files/mingw64/bin/../lib/gcc/x86_64-w64-mingw32/8.1.0/../../../../x86_64-w64-mingw32/lib/../lib/libmsvcrt.a(duags01149.o)
 .data          0x0000000000403080        0x0 C:/Program Files/mingw64/bin/../lib/gcc/x86_64-w64-mingw32/8.1.0/../../../../x86_64-w64-mingw32/lib/../lib/libmsvcrt.a(duags01101.o)
 .data          0x0000000000403080        0x0 C:/Program Files/mingw64/bin/../lib/gcc/x86_64-w64-mingw32/8.1.0/../../../../x86_64-w64-mingw32/lib/../lib/libmsvcrt.a(duags01089.o)
 .data          0x0000000000403080        0x0 C:/Program Files/mingw64/bin/../lib/gcc/x86_64-w64-mingw32/8.1.0/../../../../x86_64-w64-mingw32/lib/../lib/libmsvcrt.a(duags01082.o)
 .data          0x0000000000403080        0x0 C:/Program Files/mingw64/bin/../lib/gcc/x86_64-w64-mingw32/8.1.0/../../../../x86_64-w64-mingw32/lib/../lib/libmsvcrt.a(duags01063.o)
 .data          0x0000000000403080        0x0 C:/Program Files/mingw64/bin/../lib/gcc/x86_64-w64-mingw32/8.1.0/../../../../x86_64-w64-mingw32/lib/../lib/libmsvcrt.a(duags01050.o)
 .data          0x0000000000403080        0x0 C:/Program Files/mingw64/bin/../lib/gcc/x86_64-w64-mingw32/8.1.0/../../../../x86_64-w64-mingw32/lib/../lib/libmsvcrt.a(duags01032.o)
 .data          0x0000000000403080        0x0 C:/Program Files/mingw64/bin/../lib/gcc/x86_64-w64-mingw32/8.1.0/../../../../x86_64-w64-mingw32/lib/../lib/libmsvcrt.a(duags00614.o)
 .data          0x0000000000403080        0x0 C:/Program Files/mingw64/bin/../lib/gcc/x86_64-w64-mingw32/8.1.0/../../../../x86_64-w64-mingw32/lib/../lib/libmsvcrt.a(duags00332.o)
 .data          0x0000000000403080        0x0 C:/Program Files/mingw64/bin/../lib/gcc/x86_64-w64-mingw32/8.1.0/../../../../x86_64-w64-mingw32/lib/../lib/libmsvcrt.a(duags00141.o)
 .data          0x0000000000403080        0x0 C:/Program Files/mingw64/bin/../lib/gcc/x86_64-w64-mingw32/8.1.0/../../../../x86_64-w64-mingw32/lib/../lib/libmsvcrt.a(duags00122.o)
 .data          0x0000000000403080        0x0 C:/Program Files/mingw64/bin/../lib/gcc/x86_64-w64-mingw32/8.1.0/../../../../x86_64-w64-mingw32/lib/../lib/libmsvcrt.a(duags00098.o)
 .data          0x0000000000403080        0x0 C:/Program Files/mingw64/bin/../lib/gcc/x86_64-w64-mingw32/8.1.0/../../../../x86_64-w64-mingw32/lib/../lib/libmsvcrt.a(duags00096.o)
 .data          0x0000000000403080        0x0 C:/Program Files/mingw64/bin/../lib/gcc/x86_64-w64-mingw32/8.1.0/../../../../x86_64-w64-mingw32/lib/../lib/libmsvcrt.a(duags00090.o)
 .data          0x0000000000403080        0x0 C:/Program Files/mingw64/bin/../lib/gcc/x86_64-w64-mingw32/8.1.0/../../../../x86_64-w64-mingw32/lib/../lib/libmsvcrt.a(duags00082.o)
 .data          0x0000000000403080        0x0 C:/Program Files/mingw64/bin/../lib/gcc/x86_64-w64-mingw32/8.1.0/../../../../x86_64-w64-mingw32/lib/../lib/libmsvcrt.a(duags00081.o)
 .data          0x0000000000403080        0x0 C:/Program Files/mingw64/bin/../lib/gcc/x86_64-w64-mingw32/8.1.0/../../../../x86_64-w64-mingw32/lib/../lib/libmsvcrt.a(duags00055.o)
 .data          0x0000000000403080       0x10 C:/Program Files/mingw64/bin/../lib/gcc/x86_64-w64-mingw32/8.1.0/../../../../x86_64-w64-mingw32/lib/../lib/libmsvcrt.a(lib64_libmsvcrt_os_a-acrt_iob_func.o)
                0x0000000000403080                __imp___acrt_iob_func
 .data          0x0000000000403090       0x10 C:/Program Files/mingw64/bin/../lib/gcc/x86_64-w64-mingw32/8.1.0/../../../../x86_64-w64-mingw32/lib/../lib/libmsvcrt.a(lib64_libmsvcrt_os_a-invalid_parameter_handler.o)
                0x0000000000403090                __imp__get_invalid_parameter_handler
                0x0000000000403098                __imp__set_invalid_parameter_handler
 .data          0x00000000004030a0       0x10 C:/Program Files/mingw64/bin/../lib/gcc/x86_64-w64-mingw32/8.1.0/../../../../x86_64-w64-mingw32/lib/../lib/libmsvcrt.a(lib64_libmsvcrt_os_a-__p__acmdln.o)
                0x00000000004030a0                __imp___p__acmdln
 .data          0x00000000004030b0       0x10 C:/Program Files/mingw64/bin/../lib/gcc/x86_64-w64-mingw32/8.1.0/../../../../x86_64-w64-mingw32/lib/../lib/libmsvcrt.a(lib64_libmsvcrt_os_a-__p__fmode.o)
                0x00000000004030b0                __imp___p__fmode
 .data          0x00000000004030c0        0x0 C:/Program Files/mingw64/bin/../lib/gcc/x86_64-w64-mingw32/8.1.0/../../../../x86_64-w64-mingw32/lib/../lib/libmsvcrt.a(duagh.o)
 .data          0x00000000004030c0        0x0 C:/Program Files/mingw64/bin/../lib/gcc/x86_64-w64-mingw32/8.1.0/../../../../x86_64-w64-mingw32/lib/../lib/libmsvcrt.a(duags00115.o)
 .data          0x00000000004030c0        0x0 C:/Program Files/mingw64/bin/../lib/gcc/x86_64-w64-mingw32/8.1.0/../../../../x86_64-w64-mingw32/lib/../lib/libmsvcrt.a(duags00083.o)
 .data          0x00000000004030c0        0x0 C:/Program Files/mingw64/bin/../lib/gcc/x86_64-w64-mingw32/8.1.0/../../../../x86_64-w64-mingw32/lib/../lib/libmsvcrt.a(duagt.o)
 .data          0x00000000004030c0        0x0 C:/Program Files/mingw64/bin/../lib/gcc/x86_64-w64-mingw32/8.1.0/../../../../x86_64-w64-mingw32/lib/../lib/libkernel32.a(dqifs01445.o)
 .data          0x00000000004030c0        0x0 C:/Program Files/mingw64/bin/../lib/gcc/x86_64-w64-mingw32/8.1.0/../../../../x86_64-w64-mingw32/lib/../lib/libkernel32.a(dqifs01443.o)
 .data          0x00000000004030c0        0x0 C:/Program Files/mingw64/bin/../lib/gcc/x86_64-w64-mingw32/8.1.0/../../../../x86_64-w64-mingw32/lib/../lib/libkernel32.a(dqifs01409.o)
 .data          0x00000000004030c0        0x0 C:/Program Files/mingw64/bin/../lib/gcc/x86_64-w64-mingw32/8.1.0/../../../../x86_64-w64-mingw32/lib/../lib/libkernel32.a(dqifs01395.o)
 .data          0x00000000004030c0        0x0 C:/Program Files/mingw64/bin/../lib/gcc/x86_64-w64-mingw32/8.1.0/../../../../x86_64-w64-mingw32/lib/../lib/libkernel32.a(dqifs01375.o)
 .data          0x00000000004030c0        0x0 C:/Program Files/mingw64/bin/../lib/gcc/x86_64-w64-mingw32/8.1.0/../../../../x86_64-w64-mingw32/lib/../lib/libkernel32.a(dqifs01360.o)
 .data          0x00000000004030c0        0x0 C:/Program Files/mingw64/bin/../lib/gcc/x86_64-w64-mingw32/8.1.0/../../../../x86_64-w64-mingw32/lib/../lib/libkernel32.a(dqifs01346.o)
 .data          0x00000000004030c0        0x0 C:/Program Files/mingw64/bin/../lib/gcc/x86_64-w64-mingw32/8.1.0/../../../../x86_64-w64-mingw32/lib/../lib/libkernel32.a(dqifs01194.o)
 .data          0x00000000004030c0        0x0 C:/Program Files/mingw64/bin/../lib/gcc/x86_64-w64-mingw32/8.1.0/../../../../x86_64-w64-mingw32/lib/../lib/libkernel32.a(dqifs01187.o)
 .data          0x00000000004030c0        0x0 C:/Program Files/mingw64/bin/../lib/gcc/x86_64-w64-mingw32/8.1.0/../../../../x86_64-w64-mingw32/lib/../lib/libkernel32.a(dqifs01180.o)
 .data          0x00000000004030c0        0x0 C:/Program Files/mingw64/bin/../lib/gcc/x86_64-w64-mingw32/8.1.0/../../../../x86_64-w64-mingw32/lib/../lib/libkernel32.a(dqifs01179.o)
 .data          0x00000000004030c0        0x0 C:/Program Files/mingw64/bin/../lib/gcc/x86_64-w64-mingw32/8.1.0/../../../../x86_64-w64-mingw32/lib/../lib/libkernel32.a(dqifs01093.o)
 .data          0x00000000004030c0        0x0 C:/Program Files/mingw64/bin/../lib/gcc/x86_64-w64-mingw32/8.1.0/../../../../x86_64-w64-mingw32/lib/../lib/libkernel32.a(dqifs00951.o)
 .data          0x00000000004030c0        0x0 C:/Program Files/mingw64/bin/../lib/gcc/x86_64-w64-mingw32/8.1.0/../../../../x86_64-w64-mingw32/lib/../lib/libkernel32.a(dqifs00863.o)
 .data          0x00000000004030c0        0x0 C:/Program Files/mingw64/bin/../lib/gcc/x86_64-w64-mingw32/8.1.0/../../../../x86_64-w64-mingw32/lib/../lib/libkernel32.a(dqifs00774.o)
 .data          0x00000000004030c0        0x0 C:/Program Files/mingw64/bin/../lib/gcc/x86_64-w64-mingw32/8.1.0/../../../../x86_64-w64-mingw32/lib/../lib/libkernel32.a(dqifs00746.o)
 .data          0x00000000004030c0        0x0 C:/Program Files/mingw64/bin/../lib/gcc/x86_64-w64-mingw32/8.1.0/../../../../x86_64-w64-mingw32/lib/../lib/libkernel32.a(dqifs00721.o)
 .data          0x00000000004030c0        0x0 C:/Program Files/mingw64/bin/../lib/gcc/x86_64-w64-mingw32/8.1.0/../../../../x86_64-w64-mingw32/lib/../lib/libkernel32.a(dqifs00609.o)
 .data          0x00000000004030c0        0x0 C:/Program Files/mingw64/bin/../lib/gcc/x86_64-w64-mingw32/8.1.0/../../../../x86_64-w64-mingw32/lib/../lib/libkernel32.a(dqifs00540.o)
 .data          0x00000000004030c0        0x0 C:/Program Files/mingw64/bin/../lib/gcc/x86_64-w64-mingw32/8.1.0/../../../../x86_64-w64-mingw32/lib/../lib/libkernel32.a(dqifs00536.o)
 .data          0x00000000004030c0        0x0 C:/Program Files/mingw64/bin/../lib/gcc/x86_64-w64-mingw32/8.1.0/../../../../x86_64-w64-mingw32/lib/../lib/libkernel32.a(dqifs00535.o)
 .data          0x00000000004030c0        0x0 C:/Program Files/mingw64/bin/../lib/gcc/x86_64-w64-mingw32/8.1.0/../../../../x86_64-w64-mingw32/lib/../lib/libkernel32.a(dqifs00304.o)
 .data          0x00000000004030c0        0x0 C:/Program Files/mingw64/bin/../lib/gcc/x86_64-w64-mingw32/8.1.0/../../../../x86_64-w64-mingw32/lib/../lib/libkernel32.a(dqifs00268.o)
 .data          0x00000000004030c0        0x0 C:/Program Files/mingw64/bin/../lib/gcc/x86_64-w64-mingw32/8.1.0/../../../../x86_64-w64-mingw32/lib/../lib/libkernel32.a(dqifh.o)
 .data          0x00000000004030c0        0x0 C:/Program Files/mingw64/bin/../lib/gcc/x86_64-w64-mingw32/8.1.0/../../../../x86_64-w64-mingw32/lib/../lib/libkernel32.a(dqift.o)
 .data          0x00000000004030c0        0x0 C:/Program Files/mingw64/bin/../lib/gcc/x86_64-w64-mingw32/8.1.0/../../../../x86_64-w64-mingw32/lib/../lib/libmsvcrt.a(duags00253.o)
 .data          0x00000000004030c0        0x0 C:/Program Files/mingw64/bin/../lib/gcc/x86_64-w64-mingw32/8.1.0/crtend.o
 *(.data2)
 *(SORT_BY_NAME(.data$*))
 .data$__security_cookie
                0x00000000004030c0       0x10 C:/Program Files/mingw64/bin/../lib/gcc/x86_64-w64-mingw32/8.1.0/../../../../x86_64-w64-mingw32/lib/../lib/libmingw32.a(lib64_libmingw32_a-gs_support.o)
                0x00000000004030c0                __security_cookie
 .data$__security_cookie_complement
                0x00000000004030d0       0x10 C:/Program Files/mingw64/bin/../lib/gcc/x86_64-w64-mingw32/8.1.0/../../../../x86_64-w64-mingw32/lib/../lib/libmingw32.a(lib64_libmingw32_a-gs_support.o)
                0x00000000004030d0                __security_cookie_complement
 *(.jcr)
                0x00000000004030e0                __data_end__ = .
 *(.data_cygwin_nocopy)

.rdata          0x0000000000404000      0x600
 *(.rdata)
 .rdata         0x0000000000404000       0x10 C:/Program Files/mingw64/bin/../lib/gcc/x86_64-w64-mingw32/8.1.0/../../../../x86_64-w64-mingw32/lib/../lib/libmingw32.a(lib64_libmingw32_a-gs_support.o)
 *fill*         0x0000000000404010       0x10 
 .rdata         0x0000000000404020       0x60 C:/Program Files/mingw64/bin/../lib/gcc/x86_64-w64-mingw32/8.1.0/../../../../x86_64-w64-mingw32/lib/../lib/libmingw32.a(lib64_libmingw32_a-tlssup.o)
                0x0000000000404020                __dyn_tls_init_callback
                0x0000000000404040                _tls_used
 .rdata         0x0000000000404080      0x140 C:/Program Files/mingw64/bin/../lib/gcc/x86_64-w64-mingw32/8.1.0/../../../../x86_64-w64-mingw32/lib/../lib/libmingw32.a(lib64_libmingw32_a-merr.o)
 .rdata         0x00000000004041c0      0x110 C:/Program Files/mingw64/bin/../lib/gcc/x86_64-w64-mingw32/8.1.0/../../../../x86_64-w64-mingw32/lib/../lib/libmingw32.a(lib64_libmingw32_a-pseudo-reloc.o)
 .rdata         0x00000000004042d0       0x10 C:/Program Files/mingw64/bin/../lib/gcc/x86_64-w64-mingw32/8.1.0/../../../../x86_64-w64-mingw32/lib/../lib/libmingw32.a(lib64_libmingw32_a-crt_handler.o)
 *(SORT_BY_NAME(.rdata$*))
 .rdata$.refptr._CRT_MT
                0x00000000004042e0       0x10 C:/Program Files/mingw64/bin/../lib/gcc/x86_64-w64-mingw32/8.1.0/../../../../x86_64-w64-mingw32/lib/../lib/libmingw32.a(lib64_libmingw32_a-tlssup.o)
                0x00000000004042e0                .refptr._CRT_MT
 .rdata$.refptr._MINGW_INSTALL_DEBUG_MATHERR
                0x00000000004042f0       0x10 C:/Program Files/mingw64/bin/../lib/gcc/x86_64-w64-mingw32/8.1.0/../../../../x86_64-w64-mingw32/lib/../lib/crt2.o
                0x00000000004042f0                .refptr._MINGW_INSTALL_DEBUG_MATHERR
 .rdata$.refptr.__CTOR_LIST__
                0x0000000000404300       0x10 C:/Program Files/mingw64/bin/../lib/gcc/x86_64-w64-mingw32/8.1.0/../../../../x86_64-w64-mingw32/lib/../lib/libmingw32.a(lib64_libmingw32_a-gccmain.o)
                0x0000000000404300                .refptr.__CTOR_LIST__
 .rdata$.refptr.__RUNTIME_PSEUDO_RELOC_LIST_END__
                0x0000000000404310       0x10 C:/Program Files/mingw64/bin/../lib/gcc/x86_64-w64-mingw32/8.1.0/../../../../x86_64-w64-mingw32/lib/../lib/libmingw32.a(lib64_libmingw32_a-pseudo-reloc.o)
                0x0000000000404310                .refptr.__RUNTIME_PSEUDO_RELOC_LIST_END__
 .rdata$.refptr.__RUNTIME_PSEUDO_RELOC_LIST__
                0x0000000000404320       0x10 C:/Program Files/mingw64/bin/../lib/gcc/x86_64-w64-mingw32/8.1.0/../../../../x86_64-w64-mingw32/lib/../lib/libmingw32.a(lib64_libmingw32_a-pseudo-reloc.o)
                0x0000000000404320                .refptr.__RUNTIME_PSEUDO_RELOC_LIST__
 .rdata$.refptr.__dyn_tls_init_callback
                0x0000000000404330       0x10 C:/Program Files/mingw64/bin/../lib/gcc/x86_64-w64-mingw32/8.1.0/../../../../x86_64-w64-mingw32/lib/../lib/crt2.o
                0x0000000000404330                .refptr.__dyn_tls_init_callback
 .rdata$.refptr.__image_base__
                0x0000000000404340       0x10 C:/Program Files/mingw64/bin/../lib/gcc/x86_64-w64-mingw32/8.1.0/../../../../x86_64-w64-mingw32/lib/../lib/crt2.o
                0x0000000000404340                .refptr.__image_base__
 .rdata$.refptr.__imp___initenv
                0x0000000000404350       0x10 C:/Program Files/mingw64/bin/../lib/gcc/x86_64-w64-mingw32/8.1.0/../../../../x86_64-w64-mingw32/lib/../lib/crt2.o
                0x0000000000404350                .refptr.__imp___initenv
 .rdata$.refptr.__imp__acmdln
                0x0000000000404360       0x10 C:/Program Files/mingw64/bin/../lib/gcc/x86_64-w64-mingw32/8.1.0/../../../../x86_64-w64-mingw32/lib/../lib/libmsvcrt.a(lib64_libmsvcrt_os_a-__p__acmdln.o)
                0x0000000000404360                .refptr.__imp__acmdln
 .rdata$.refptr.__imp__fmode
                0x0000000000404370       0x10 C:/Program Files/mingw64/bin/../lib/gcc/x86_64-w64-mingw32/8.1.0/../../../../x86_64-w64-mingw32/lib/../lib/libmsvcrt.a(lib64_libmsvcrt_os_a-__p__fmode.o)
                0x0000000000404370                .refptr.__imp__fmode
 .rdata$.refptr.__mingw_oldexcpt_handler
                0x0000000000404380       0x10 C:/Program Files/mingw64/bin/../lib/gcc/x86_64-w64-mingw32/8.1.0/../../../../x86_64-w64-mingw32/lib/../lib/crt2.o
                0x0000000000404380                .refptr.__mingw_oldexcpt_handler
 .rdata$.refptr.__native_startup_lock
                0x0000000000404390       0x10 C:/Program Files/mingw64/bin/../lib/gcc/x86_64-w64-mingw32/8.1.0/../../../../x86_64-w64-mingw32/lib/../lib/crt2.o
                0x0000000000404390                .refptr.__native_startup_lock
 .rdata$.refptr.__native_startup_state
                0x00000000004043a0       0x10 C:/Program Files/mingw64/bin/../lib/gcc/x86_64-w64-mingw32/8.1.0/../../../../x86_64-w64-mingw32/lib/../lib/crt2.o
                0x00000000004043a0                .refptr.__native_startup_state
 .rdata$.refptr.__xc_a
                0x00000000004043b0       0x10 C:/Program Files/mingw64/bin/../lib/gcc/x86_64-w64-mingw32/8.1.0/../../../../x86_64-w64-mingw32/lib/../lib/crt2.o
                0x00000000004043b0                .refptr.__xc_a
 .rdata$.refptr.__xc_z
                0x00000000004043c0       0x10 C:/Program Files/mingw64/bin/../lib/gcc/x86_64-w64-mingw32/8.1.0/../../../../x86_64-w64-mingw32/lib/../lib/crt2.o
                0x00000000004043c0                .refptr.__xc_z
 .rdata$.refptr.__xi_a
                0x00000000004043d0       0x10 C:/Program Files/mingw64/bin/../lib/gcc/x86_64-w64-mingw32/8.1.0/../../../../x86_64-w64-mingw32/lib/../lib/crt2.o
                0x00000000004043d0                .refptr.__xi_a
 .rdata$.refptr.__xi_z
                0x00000000004043e0       0x10 C:/Program Files/mingw64/bin/../lib/gcc/x86_64-w64-mingw32/8.1.0/../../../../x86_64-w64-mingw32/lib/../lib/crt2.o
                0x00000000004043e0                .refptr.__xi_z
 .rdata$.refptr._dowildcard
                0x00000000004043f0       0x10 C:/Program Files/mingw64/bin/../lib/gcc/x86_64-w64-mingw32/8.1.0/../../../../x86_64-w64-mingw32/lib/../lib/crt2.o
                0x00000000004043f0                .refptr._dowildcard
 .rdata$.refptr._fmode
                0x0000000000404400       0x10 C:/Program Files/mingw64/bin/../lib/gcc/x86_64-w64-mingw32/8.1.0/../../../../x86_64-w64-mingw32/lib/../lib/crt2.o
                0x0000000000404400                .refptr._fmode
 .rdata$.refptr._gnu_exception_handler
                0x0000000000404410       0x10 C:/Program Files/mingw64/bin/../lib/gcc/x86_64-w64-mingw32/8.1.0/../../../../x86_64-w64-mingw32/lib/../lib/crt2.o
                0x0000000000404410                .refptr._gnu_exception_handler
 .rdata$.refptr._matherr
                0x0000000000404420       0x10 C:/Program Files/mingw64/bin/../lib/gcc/x86_64-w64-mingw32/8.1.0/../../../../x86_64-w64-mingw32/lib/../lib/crt2.o
                0x0000000000404420                .refptr._matherr
 .rdata$.refptr._newmode
                0x0000000000404430       0x10 C:/Program Files/mingw64/bin/../lib/gcc/x86_64-w64-mingw32/8.1.0/../../../../x86_64-w64-mingw32/lib/../lib/crt2.o
                0x0000000000404430                .refptr._newmode
 .rdata$.refptr.mingw_app_type
                0x0000000000404440       0x10 C:/Program Files/mingw64/bin/../lib/gcc/x86_64-w64-mingw32/8.1.0/../../../../x86_64-w64-mingw32/lib/../lib/crt2.o
                0x0000000000404440                .refptr.mingw_app_type
 .rdata$.refptr.mingw_initcharmax
                0x0000000000404450       0x10 C:/Program Files/mingw64/bin/../lib/gcc/x86_64-w64-mingw32/8.1.0/../../../../x86_64-w64-mingw32/lib/../lib/crt2.o
                0x0000000000404450                .refptr.mingw_initcharmax
 .rdata$.refptr.mingw_initltsdrot_force
                0x0000000000404460       0x10 C:/Program Files/mingw64/bin/../lib/gcc/x86_64-w64-mingw32/8.1.0/../../../../x86_64-w64-mingw32/lib/../lib/crt2.o
                0x0000000000404460                .refptr.mingw_initltsdrot_force
 .rdata$.refptr.mingw_initltsdyn_force
                0x0000000000404470       0x10 C:/Program Files/mingw64/bin/../lib/gcc/x86_64-w64-mingw32/8.1.0/../../../../x86_64-w64-mingw32/lib/../lib/crt2.o
                0x0000000000404470                .refptr.mingw_initltsdyn_force
 .rdata$.refptr.mingw_initltssuo_force
                0x0000000000404480       0x10 C:/Program Files/mingw64/bin/../lib/gcc/x86_64-w64-mingw32/8.1.0/../../../../x86_64-w64-mingw32/lib/../lib/crt2.o
                0x0000000000404480                .refptr.mingw_initltssuo_force
 .rdata$zzz     0x0000000000404490       0x40 C:\Users\MAXIMI~1\AppData\Local\Temp\cc8S67Hy.o
                0x00000000004044d0                __rt_psrelocs_start = .
 *(.rdata_runtime_pseudo_reloc)
                0x00000000004044d0                __rt_psrelocs_end = .
                0x0000000000000000                __rt_psrelocs_size = (__rt_psrelocs_end - __rt_psrelocs_start)
                0x00000000004044d0                ___RUNTIME_PSEUDO_RELOC_LIST_END__ = .
                0x00000000004044d0                __RUNTIME_PSEUDO_RELOC_LIST_END__ = .
                0x00000000004044d0                ___RUNTIME_PSEUDO_RELOC_LIST__ = (. - __rt_psrelocs_size)
                0x00000000004044d0                __RUNTIME_PSEUDO_RELOC_LIST__ = (. - __rt_psrelocs_size)

.eh_frame
 *(.eh_frame*)

.pdata          0x0000000000405000      0x400
 *(.pdata*)
 .pdata         0x0000000000405000       0x54 C:/Program Files/mingw64/bin/../lib/gcc/x86_64-w64-mingw32/8.1.0/../../../../x86_64-w64-mingw32/lib/../lib/crt2.o
 .pdata         0x0000000000405054       0x18 C:/Program Files/mingw64/bin/../lib/gcc/x86_64-w64-mingw32/8.1.0/crtbegin.o
 .pdata         0x000000000040506c        0xc C:\Users\MAXIMI~1\AppData\Local\Temp\cc8S67Hy.o
 .pdata         0x0000000000405078       0x24 C:/Program Files/mingw64/bin/../lib/gcc/x86_64-w64-mingw32/8.1.0/../../../../x86_64-w64-mingw32/lib/../lib/libmingw32.a(lib64_libmingw32_a-gccmain.o)
 .pdata         0x000000000040509c        0xc C:/Program Files/mingw64/bin/../lib/gcc/x86_64-w64-mingw32/8.1.0/../../../../x86_64-w64-mingw32/lib/../lib/libmingw32.a(lib64_libmingw32_a-charmax.o)
 .pdata         0x00000000004050a8        0xc C:/Program Files/mingw64/bin/../lib/gcc/x86_64-w64-mingw32/8.1.0/../../../../x86_64-w64-mingw32/lib/../lib/libmingw32.a(lib64_libmingw32_a-dllargv.o)
 .pdata         0x00000000004050b4       0x18 C:/Program Files/mingw64/bin/../lib/gcc/x86_64-w64-mingw32/8.1.0/../../../../x86_64-w64-mingw32/lib/../lib/libmingw32.a(lib64_libmingw32_a-gs_support.o)
 .pdata         0x00000000004050cc       0x24 C:/Program Files/mingw64/bin/../lib/gcc/x86_64-w64-mingw32/8.1.0/../../../../x86_64-w64-mingw32/lib/../lib/libmingw32.a(lib64_libmingw32_a-tlssup.o)
 .pdata         0x00000000004050f0       0x24 C:/Program Files/mingw64/bin/../lib/gcc/x86_64-w64-mingw32/8.1.0/../../../../x86_64-w64-mingw32/lib/../lib/libmingw32.a(lib64_libmingw32_a-merr.o)
 .pdata         0x0000000000405114        0xc C:/Program Files/mingw64/bin/../lib/gcc/x86_64-w64-mingw32/8.1.0/../../../../x86_64-w64-mingw32/lib/../lib/libmingw32.a(lib64_libmingw32_a-CRT_fp10.o)
 .pdata         0x0000000000405120       0x18 C:/Program Files/mingw64/bin/../lib/gcc/x86_64-w64-mingw32/8.1.0/../../../../x86_64-w64-mingw32/lib/../lib/libmingw32.a(lib64_libmingw32_a-mingw_helpers.o)
 .pdata.unlikely
                0x0000000000405138        0xc C:/Program Files/mingw64/bin/../lib/gcc/x86_64-w64-mingw32/8.1.0/../../../../x86_64-w64-mingw32/lib/../lib/libmingw32.a(lib64_libmingw32_a-pseudo-reloc.o)
 .pdata         0x0000000000405144       0x18 C:/Program Files/mingw64/bin/../lib/gcc/x86_64-w64-mingw32/8.1.0/../../../../x86_64-w64-mingw32/lib/../lib/libmingw32.a(lib64_libmingw32_a-pseudo-reloc.o)
 .pdata         0x000000000040515c       0x24 C:/Program Files/mingw64/bin/../lib/gcc/x86_64-w64-mingw32/8.1.0/../../../../x86_64-w64-mingw32/lib/../lib/libmingw32.a(lib64_libmingw32_a-crt_handler.o)
 .pdata         0x0000000000405180       0x30 C:/Program Files/mingw64/bin/../lib/gcc/x86_64-w64-mingw32/8.1.0/../../../../x86_64-w64-mingw32/lib/../lib/libmingw32.a(lib64_libmingw32_a-tlsthrd.o)
 .pdata         0x00000000004051b0       0x78 C:/Program Files/mingw64/bin/../lib/gcc/x86_64-w64-mingw32/8.1.0/../../../../x86_64-w64-mingw32/lib/../lib/libmingw32.a(lib64_libmingw32_a-pesect.o)
 .pdata         0x0000000000405228        0xc C:/Program Files/mingw64/bin/../lib/gcc/x86_64-w64-mingw32/8.1.0/../../../../x86_64-w64-mingw32/lib/../lib/libmsvcrt.a(lib64_libmsvcrt_os_a-acrt_iob_func.o)
 .pdata         0x0000000000405234       0x18 C:/Program Files/mingw64/bin/../lib/gcc/x86_64-w64-mingw32/8.1.0/../../../../x86_64-w64-mingw32/lib/../lib/libmsvcrt.a(lib64_libmsvcrt_os_a-invalid_parameter_handler.o)
 .pdata         0x000000000040524c        0xc C:/Program Files/mingw64/bin/../lib/gcc/x86_64-w64-mingw32/8.1.0/../../../../x86_64-w64-mingw32/lib/../lib/libmsvcrt.a(lib64_libmsvcrt_os_a-__p__acmdln.o)
 .pdata         0x0000000000405258        0xc C:/Program Files/mingw64/bin/../lib/gcc/x86_64-w64-mingw32/8.1.0/../../../../x86_64-w64-mingw32/lib/../lib/libmsvcrt.a(lib64_libmsvcrt_os_a-__p__fmode.o)
 .pdata.startup
                0x0000000000405264        0xc C:/Program Files/mingw64/bin/../lib/gcc/x86_64-w64-mingw32/8.1.0/crtend.o

.xdata          0x0000000000406000      0x200
 *(.xdata*)
 .xdata         0x0000000000406000       0x70 C:/Program Files/mingw64/bin/../lib/gcc/x86_64-w64-mingw32/8.1.0/../../../../x86_64-w64-mingw32/lib/../lib/crt2.o
 .xdata         0x0000000000406070        0x8 C:/Program Files/mingw64/bin/../lib/gcc/x86_64-w64-mingw32/8.1.0/crtbegin.o
 .xdata         0x0000000000406078        0xc C:\Users\MAXIMI~1\AppData\Local\Temp\cc8S67Hy.o
 .xdata         0x0000000000406084       0x18 C:/Program Files/mingw64/bin/../lib/gcc/x86_64-w64-mingw32/8.1.0/../../../../x86_64-w64-mingw32/lib/../lib/libmingw32.a(lib64_libmingw32_a-gccmain.o)
 .xdata         0x000000000040609c        0x4 C:/Program Files/mingw64/bin/../lib/gcc/x86_64-w64-mingw32/8.1.0/../../../../x86_64-w64-mingw32/lib/../lib/libmingw32.a(lib64_libmingw32_a-charmax.o)
 .xdata         0x00000000004060a0        0x4 C:/Program Files/mingw64/bin/../lib/gcc/x86_64-w64-mingw32/8.1.0/../../../../x86_64-w64-mingw32/lib/../lib/libmingw32.a(lib64_libmingw32_a-dllargv.o)
 .xdata         0x00000000004060a4       0x20 C:/Program Files/mingw64/bin/../lib/gcc/x86_64-w64-mingw32/8.1.0/../../../../x86_64-w64-mingw32/lib/../lib/libmingw32.a(lib64_libmingw32_a-gs_support.o)
 .xdata         0x00000000004060c4       0x18 C:/Program Files/mingw64/bin/../lib/gcc/x86_64-w64-mingw32/8.1.0/../../../../x86_64-w64-mingw32/lib/../lib/libmingw32.a(lib64_libmingw32_a-tlssup.o)
 .xdata         0x00000000004060dc       0x24 C:/Program Files/mingw64/bin/../lib/gcc/x86_64-w64-mingw32/8.1.0/../../../../x86_64-w64-mingw32/lib/../lib/libmingw32.a(lib64_libmingw32_a-merr.o)
 .xdata         0x0000000000406100        0x4 C:/Program Files/mingw64/bin/../lib/gcc/x86_64-w64-mingw32/8.1.0/../../../../x86_64-w64-mingw32/lib/../lib/libmingw32.a(lib64_libmingw32_a-CRT_fp10.o)
 .xdata         0x0000000000406104        0x8 C:/Program Files/mingw64/bin/../lib/gcc/x86_64-w64-mingw32/8.1.0/../../../../x86_64-w64-mingw32/lib/../lib/libmingw32.a(lib64_libmingw32_a-mingw_helpers.o)
 .xdata.unlikely
                0x000000000040610c        0xc C:/Program Files/mingw64/bin/../lib/gcc/x86_64-w64-mingw32/8.1.0/../../../../x86_64-w64-mingw32/lib/../lib/libmingw32.a(lib64_libmingw32_a-pseudo-reloc.o)
 .xdata         0x0000000000406118       0x28 C:/Program Files/mingw64/bin/../lib/gcc/x86_64-w64-mingw32/8.1.0/../../../../x86_64-w64-mingw32/lib/../lib/libmingw32.a(lib64_libmingw32_a-pseudo-reloc.o)
 .xdata         0x0000000000406140       0x20 C:/Program Files/mingw64/bin/../lib/gcc/x86_64-w64-mingw32/8.1.0/../../../../x86_64-w64-mingw32/lib/../lib/libmingw32.a(lib64_libmingw32_a-crt_handler.o)
 .xdata         0x0000000000406160       0x30 C:/Program Files/mingw64/bin/../lib/gcc/x86_64-w64-mingw32/8.1.0/../../../../x86_64-w64-mingw32/lib/../lib/libmingw32.a(lib64_libmingw32_a-tlsthrd.o)
 .xdata         0x0000000000406190       0x48 C:/Program Files/mingw64/bin/../lib/gcc/x86_64-w64-mingw32/8.1.0/../../../../x86_64-w64-mingw32/lib/../lib/libmingw32.a(lib64_libmingw32_a-pesect.o)
 .xdata         0x00000000004061d8        0x8 C:/Program Files/mingw64/bin/../lib/gcc/x86_64-w64-mingw32/8.1.0/../../../../x86_64-w64-mingw32/lib/../lib/libmsvcrt.a(lib64_libmsvcrt_os_a-acrt_iob_func.o)
 .xdata         0x00000000004061e0        0x8 C:/Program Files/mingw64/bin/../lib/gcc/x86_64-w64-mingw32/8.1.0/../../../../x86_64-w64-mingw32/lib/../lib/libmsvcrt.a(lib64_libmsvcrt_os_a-invalid_parameter_handler.o)
 .xdata         0x00000000004061e8        0x4 C:/Program Files/mingw64/bin/../lib/gcc/x86_64-w64-mingw32/8.1.0/../../../../x86_64-w64-mingw32/lib/../lib/libmsvcrt.a(lib64_libmsvcrt_os_a-__p__acmdln.o)
 .xdata         0x00000000004061ec        0x4 C:/Program Files/mingw64/bin/../lib/gcc/x86_64-w64-mingw32/8.1.0/../../../../x86_64-w64-mingw32/lib/../lib/libmsvcrt.a(lib64_libmsvcrt_os_a-__p__fmode.o)
 .xdata.startup
                0x00000000004061f0        0x4 C:/Program Files/mingw64/bin/../lib/gcc/x86_64-w64-mingw32/8.1.0/crtend.o

.bss            0x0000000000407000      0x980
                0x0000000000407000                __bss_start__ = .
 *(.bss)
 .bss           0x0000000000407000       0x30 C:/Program Files/mingw64/bin/../lib/gcc/x86_64-w64-mingw32/8.1.0/../../../../x86_64-w64-mingw32/lib/../lib/crt2.o
 .bss           0x0000000000407030        0x0 C:/Program Files/mingw64/bin/../lib/gcc/x86_64-w64-mingw32/8.1.0/crtbegin.o
 .bss           0x0000000000407030        0x0 C:\Users\MAXIMI~1\AppData\Local\Temp\cc8S67Hy.o
 .bss           0x0000000000407030       0x10 C:/Program Files/mingw64/bin/../lib/gcc/x86_64-w64-mingw32/8.1.0/../../../../x86_64-w64-mingw32/lib/../lib/libmingw32.a(lib64_libmingw32_a-gccmain.o)
 .bss           0x0000000000407040        0x0 C:/Program Files/mingw64/bin/../lib/gcc/x86_64-w64-mingw32/8.1.0/../../../../x86_64-w64-mingw32/lib/../lib/libmingw32.a(lib64_libmingw32_a-natstart.o)
 .bss           0x0000000000407040        0x0 C:/Program Files/mingw64/bin/../lib/gcc/x86_64-w64-mingw32/8.1.0/../../../../x86_64-w64-mingw32/lib/../lib/libmingw32.a(lib64_libmingw32_a-wildcard.o)
 .bss           0x0000000000407040       0x10 C:/Program Files/mingw64/bin/../lib/gcc/x86_64-w64-mingw32/8.1.0/../../../../x86_64-w64-mingw32/lib/../lib/libmingw32.a(lib64_libmingw32_a-charmax.o)
                0x0000000000407040                mingw_initcharmax
 .bss           0x0000000000407050        0x0 C:/Program Files/mingw64/bin/../lib/gcc/x86_64-w64-mingw32/8.1.0/../../../../x86_64-w64-mingw32/lib/../lib/libmingw32.a(lib64_libmingw32_a-dllargv.o)
 *fill*         0x0000000000407050       0x10 
 .bss           0x0000000000407060      0x580 C:/Program Files/mingw64/bin/../lib/gcc/x86_64-w64-mingw32/8.1.0/../../../../x86_64-w64-mingw32/lib/../lib/libmingw32.a(lib64_libmingw32_a-gs_support.o)
 .bss           0x00000000004075e0       0x10 C:/Program Files/mingw64/bin/../lib/gcc/x86_64-w64-mingw32/8.1.0/../../../../x86_64-w64-mingw32/lib/../lib/libmingw32.a(lib64_libmingw32_a-_newmode.o)
                0x00000000004075e0                _newmode
 .bss           0x00000000004075f0       0x10 C:/Program Files/mingw64/bin/../lib/gcc/x86_64-w64-mingw32/8.1.0/../../../../x86_64-w64-mingw32/lib/../lib/libmingw32.a(lib64_libmingw32_a-tlssup.o)
                0x00000000004075f0                mingw_initltssuo_force
                0x00000000004075f4                mingw_initltsdyn_force
                0x00000000004075f8                mingw_initltsdrot_force
                0x00000000004075fc                _tls_index
 .bss           0x0000000000407600        0x0 C:/Program Files/mingw64/bin/../lib/gcc/x86_64-w64-mingw32/8.1.0/../../../../x86_64-w64-mingw32/lib/../lib/libmingw32.a(lib64_libmingw32_a-cinitexe.o)
 .bss           0x0000000000407600       0x10 C:/Program Files/mingw64/bin/../lib/gcc/x86_64-w64-mingw32/8.1.0/../../../../x86_64-w64-mingw32/lib/../lib/libmingw32.a(lib64_libmingw32_a-merr.o)
 .bss           0x0000000000407610        0x0 C:/Program Files/mingw64/bin/../lib/gcc/x86_64-w64-mingw32/8.1.0/../../../../x86_64-w64-mingw32/lib/../lib/libmingw32.a(lib64_libmingw32_a-CRT_fp10.o)
 .bss           0x0000000000407610       0x10 C:/Program Files/mingw64/bin/../lib/gcc/x86_64-w64-mingw32/8.1.0/../../../../x86_64-w64-mingw32/lib/../lib/libmingw32.a(lib64_libmingw32_a-mingw_helpers.o)
                0x0000000000407610                mingw_app_type
 .bss           0x0000000000407620       0x10 C:/Program Files/mingw64/bin/../lib/gcc/x86_64-w64-mingw32/8.1.0/../../../../x86_64-w64-mingw32/lib/../lib/libmingw32.a(lib64_libmingw32_a-pseudo-reloc.o)
 .bss           0x0000000000407630       0x10 C:/Program Files/mingw64/bin/../lib/gcc/x86_64-w64-mingw32/8.1.0/../../../../x86_64-w64-mingw32/lib/../lib/libmingw32.a(lib64_libmingw32_a-xtxtmode.o)
                0x0000000000407630                _fmode
 .bss           0x0000000000407640      0x2a0 C:/Program Files/mingw64/bin/../lib/gcc/x86_64-w64-mingw32/8.1.0/../../../../x86_64-w64-mingw32/lib/../lib/libmingw32.a(lib64_libmingw32_a-crt_handler.o)
                0x0000000000407640                __mingw_oldexcpt_handler
 .bss           0x00000000004078e0       0x60 C:/Program Files/mingw64/bin/../lib/gcc/x86_64-w64-mingw32/8.1.0/../../../../x86_64-w64-mingw32/lib/../lib/libmingw32.a(lib64_libmingw32_a-tlsthrd.o)
 .bss           0x0000000000407940        0x0 C:/Program Files/mingw64/bin/../lib/gcc/x86_64-w64-mingw32/8.1.0/../../../../x86_64-w64-mingw32/lib/../lib/libmingw32.a(lib64_libmingw32_a-tlsmcrt.o)
 .bss           0x0000000000407940       0x10 C:/Program Files/mingw64/bin/../lib/gcc/x86_64-w64-mingw32/8.1.0/../../../../x86_64-w64-mingw32/lib/../lib/libmingw32.a(lib64_libmingw32_a-pseudo-reloc-list.o)
 .bss           0x0000000000407950        0x0 C:/Program Files/mingw64/bin/../lib/gcc/x86_64-w64-mingw32/8.1.0/../../../../x86_64-w64-mingw32/lib/../lib/libmingw32.a(lib64_libmingw32_a-pesect.o)
 .bss           0x0000000000407950        0x0 C:/Program Files/mingw64/bin/../lib/gcc/x86_64-w64-mingw32/8.1.0/libgcc.a(_chkstk_ms.o)
 .bss           0x0000000000407950        0x0 C:/Program Files/mingw64/bin/../lib/gcc/x86_64-w64-mingw32/8.1.0/libgcc.a(_ctors.o)
 .bss           0x0000000000407950        0x0 C:/Program Files/mingw64/bin/../lib/gcc/x86_64-w64-mingw32/8.1.0/../../../../x86_64-w64-mingw32/lib/../lib/libmingwex.a(lib64_libmingwex_a-mingw_matherr.o)
 .bss           0x0000000000407950        0x0 C:/Program Files/mingw64/bin/../lib/gcc/x86_64-w64-mingw32/8.1.0/../../../../x86_64-w64-mingw32/lib/../lib/libmsvcrt.a(duags01243.o)
 .bss           0x0000000000407950        0x0 C:/Program Files/mingw64/bin/../lib/gcc/x86_64-w64-mingw32/8.1.0/../../../../x86_64-w64-mingw32/lib/../lib/libmsvcrt.a(duags01211.o)
 .bss           0x0000000000407950        0x0 C:/Program Files/mingw64/bin/../lib/gcc/x86_64-w64-mingw32/8.1.0/../../../../x86_64-w64-mingw32/lib/../lib/libmsvcrt.a(duags01208.o)
 .bss           0x0000000000407950        0x0 C:/Program Files/mingw64/bin/../lib/gcc/x86_64-w64-mingw32/8.1.0/../../../../x86_64-w64-mingw32/lib/../lib/libmsvcrt.a(duags01187.o)
 .bss           0x0000000000407950        0x0 C:/Program Files/mingw64/bin/../lib/gcc/x86_64-w64-mingw32/8.1.0/../../../../x86_64-w64-mingw32/lib/../lib/libmsvcrt.a(duags01157.o)
 .bss           0x0000000000407950        0x0 C:/Program Files/mingw64/bin/../lib/gcc/x86_64-w64-mingw32/8.1.0/../../../../x86_64-w64-mingw32/lib/../lib/libmsvcrt.a(duags01149.o)
 .bss           0x0000000000407950        0x0 C:/Program Files/mingw64/bin/../lib/gcc/x86_64-w64-mingw32/8.1.0/../../../../x86_64-w64-mingw32/lib/../lib/libmsvcrt.a(duags01101.o)
 .bss           0x0000000000407950        0x0 C:/Program Files/mingw64/bin/../lib/gcc/x86_64-w64-mingw32/8.1.0/../../../../x86_64-w64-mingw32/lib/../lib/libmsvcrt.a(duags01089.o)
 .bss           0x0000000000407950        0x0 C:/Program Files/mingw64/bin/../lib/gcc/x86_64-w64-mingw32/8.1.0/../../../../x86_64-w64-mingw32/lib/../lib/libmsvcrt.a(duags01082.o)
 .bss           0x0000000000407950        0x0 C:/Program Files/mingw64/bin/../lib/gcc/x86_64-w64-mingw32/8.1.0/../../../../x86_64-w64-mingw32/lib/../lib/libmsvcrt.a(duags01063.o)
 .bss           0x0000000000407950        0x0 C:/Program Files/mingw64/bin/../lib/gcc/x86_64-w64-mingw32/8.1.0/../../../../x86_64-w64-mingw32/lib/../lib/libmsvcrt.a(duags01050.o)
 .bss           0x0000000000407950        0x0 C:/Program Files/mingw64/bin/../lib/gcc/x86_64-w64-mingw32/8.1.0/../../../../x86_64-w64-mingw32/lib/../lib/libmsvcrt.a(duags01032.o)
 .bss           0x0000000000407950        0x0 C:/Program Files/mingw64/bin/../lib/gcc/x86_64-w64-mingw32/8.1.0/../../../../x86_64-w64-mingw32/lib/../lib/libmsvcrt.a(duags00614.o)
 .bss           0x0000000000407950        0x0 C:/Program Files/mingw64/bin/../lib/gcc/x86_64-w64-mingw32/8.1.0/../../../../x86_64-w64-mingw32/lib/../lib/libmsvcrt.a(duags00332.o)
 .bss           0x0000000000407950        0x0 C:/Program Files/mingw64/bin/../lib/gcc/x86_64-w64-mingw32/8.1.0/../../../../x86_64-w64-mingw32/lib/../lib/libmsvcrt.a(duags00141.o)
 .bss           0x0000000000407950        0x0 C:/Program Files/mingw64/bin/../lib/gcc/x86_64-w64-mingw32/8.1.0/../../../../x86_64-w64-mingw32/lib/../lib/libmsvcrt.a(duags00122.o)
 .bss           0x0000000000407950        0x0 C:/Program Files/mingw64/bin/../lib/gcc/x86_64-w64-mingw32/8.1.0/../../../../x86_64-w64-mingw32/lib/../lib/libmsvcrt.a(duags00098.o)
 .bss           0x0000000000407950        0x0 C:/Program Files/mingw64/bin/../lib/gcc/x86_64-w64-mingw32/8.1.0/../../../../x86_64-w64-mingw32/lib/../lib/libmsvcrt.a(duags00096.o)
 .bss           0x0000000000407950        0x0 C:/Program Files/mingw64/bin/../lib/gcc/x86_64-w64-mingw32/8.1.0/../../../../x86_64-w64-mingw32/lib/../lib/libmsvcrt.a(duags00090.o)
 .bss           0x0000000000407950        0x0 C:/Program Files/mingw64/bin/../lib/gcc/x86_64-w64-mingw32/8.1.0/../../../../x86_64-w64-mingw32/lib/../lib/libmsvcrt.a(duags00082.o)
 .bss           0x0000000000407950        0x0 C:/Program Files/mingw64/bin/../lib/gcc/x86_64-w64-mingw32/8.1.0/../../../../x86_64-w64-mingw32/lib/../lib/libmsvcrt.a(duags00081.o)
 .bss           0x0000000000407950        0x0 C:/Program Files/mingw64/bin/../lib/gcc/x86_64-w64-mingw32/8.1.0/../../../../x86_64-w64-mingw32/lib/../lib/libmsvcrt.a(duags00055.o)
 .bss           0x0000000000407950        0x0 C:/Program Files/mingw64/bin/../lib/gcc/x86_64-w64-mingw32/8.1.0/../../../../x86_64-w64-mingw32/lib/../lib/libmsvcrt.a(lib64_libmsvcrt_os_a-acrt_iob_func.o)
 .bss           0x0000000000407950       0x10 C:/Program Files/mingw64/bin/../lib/gcc/x86_64-w64-mingw32/8.1.0/../../../../x86_64-w64-mingw32/lib/../lib/libmsvcrt.a(lib64_libmsvcrt_os_a-invalid_parameter_handler.o)
 .bss           0x0000000000407960        0x0 C:/Program Files/mingw64/bin/../lib/gcc/x86_64-w64-mingw32/8.1.0/../../../../x86_64-w64-mingw32/lib/../lib/libmsvcrt.a(lib64_libmsvcrt_os_a-__p__acmdln.o)
 .bss           0x0000000000407960        0x0 C:/Program Files/mingw64/bin/../lib/gcc/x86_64-w64-mingw32/8.1.0/../../../../x86_64-w64-mingw32/lib/../lib/libmsvcrt.a(lib64_libmsvcrt_os_a-__p__fmode.o)
 .bss           0x0000000000407960        0x0 C:/Program Files/mingw64/bin/../lib/gcc/x86_64-w64-mingw32/8.1.0/../../../../x86_64-w64-mingw32/lib/../lib/libmsvcrt.a(duagh.o)
 .bss           0x0000000000407960        0x0 C:/Program Files/mingw64/bin/../lib/gcc/x86_64-w64-mingw32/8.1.0/../../../../x86_64-w64-mingw32/lib/../lib/libmsvcrt.a(duags00115.o)
 .bss           0x0000000000407960        0x0 C:/Program Files/mingw64/bin/../lib/gcc/x86_64-w64-mingw32/8.1.0/../../../../x86_64-w64-mingw32/lib/../lib/libmsvcrt.a(duags00083.o)
 .bss           0x0000000000407960        0x0 C:/Program Files/mingw64/bin/../lib/gcc/x86_64-w64-mingw32/8.1.0/../../../../x86_64-w64-mingw32/lib/../lib/libmsvcrt.a(duagt.o)
 .bss           0x0000000000407960        0x0 C:/Program Files/mingw64/bin/../lib/gcc/x86_64-w64-mingw32/8.1.0/../../../../x86_64-w64-mingw32/lib/../lib/libkernel32.a(dqifs01445.o)
 .bss           0x0000000000407960        0x0 C:/Program Files/mingw64/bin/../lib/gcc/x86_64-w64-mingw32/8.1.0/../../../../x86_64-w64-mingw32/lib/../lib/libkernel32.a(dqifs01443.o)
 .bss           0x0000000000407960        0x0 C:/Program Files/mingw64/bin/../lib/gcc/x86_64-w64-mingw32/8.1.0/../../../../x86_64-w64-mingw32/lib/../lib/libkernel32.a(dqifs01409.o)
 .bss           0x0000000000407960        0x0 C:/Program Files/mingw64/bin/../lib/gcc/x86_64-w64-mingw32/8.1.0/../../../../x86_64-w64-mingw32/lib/../lib/libkernel32.a(dqifs01395.o)
 .bss           0x0000000000407960        0x0 C:/Program Files/mingw64/bin/../lib/gcc/x86_64-w64-mingw32/8.1.0/../../../../x86_64-w64-mingw32/lib/../lib/libkernel32.a(dqifs01375.o)
 .bss           0x0000000000407960        0x0 C:/Program Files/mingw64/bin/../lib/gcc/x86_64-w64-mingw32/8.1.0/../../../../x86_64-w64-mingw32/lib/../lib/libkernel32.a(dqifs01360.o)
 .bss           0x0000000000407960        0x0 C:/Program Files/mingw64/bin/../lib/gcc/x86_64-w64-mingw32/8.1.0/../../../../x86_64-w64-mingw32/lib/../lib/libkernel32.a(dqifs01346.o)
 .bss           0x0000000000407960        0x0 C:/Program Files/mingw64/bin/../lib/gcc/x86_64-w64-mingw32/8.1.0/../../../../x86_64-w64-mingw32/lib/../lib/libkernel32.a(dqifs01194.o)
 .bss           0x0000000000407960        0x0 C:/Program Files/mingw64/bin/../lib/gcc/x86_64-w64-mingw32/8.1.0/../../../../x86_64-w64-mingw32/lib/../lib/libkernel32.a(dqifs01187.o)
 .bss           0x0000000000407960        0x0 C:/Program Files/mingw64/bin/../lib/gcc/x86_64-w64-mingw32/8.1.0/../../../../x86_64-w64-mingw32/lib/../lib/libkernel32.a(dqifs01180.o)
 .bss           0x0000000000407960        0x0 C:/Program Files/mingw64/bin/../lib/gcc/x86_64-w64-mingw32/8.1.0/../../../../x86_64-w64-mingw32/lib/../lib/libkernel32.a(dqifs01179.o)
 .bss           0x0000000000407960        0x0 C:/Program Files/mingw64/bin/../lib/gcc/x86_64-w64-mingw32/8.1.0/../../../../x86_64-w64-mingw32/lib/../lib/libkernel32.a(dqifs01093.o)
 .bss           0x0000000000407960        0x0 C:/Program Files/mingw64/bin/../lib/gcc/x86_64-w64-mingw32/8.1.0/../../../../x86_64-w64-mingw32/lib/../lib/libkernel32.a(dqifs00951.o)
 .bss           0x0000000000407960        0x0 C:/Program Files/mingw64/bin/../lib/gcc/x86_64-w64-mingw32/8.1.0/../../../../x86_64-w64-mingw32/lib/../lib/libkernel32.a(dqifs00863.o)
 .bss           0x0000000000407960        0x0 C:/Program Files/mingw64/bin/../lib/gcc/x86_64-w64-mingw32/8.1.0/../../../../x86_64-w64-mingw32/lib/../lib/libkernel32.a(dqifs00774.o)
 .bss           0x0000000000407960        0x0 C:/Program Files/mingw64/bin/../lib/gcc/x86_64-w64-mingw32/8.1.0/../../../../x86_64-w64-mingw32/lib/../lib/libkernel32.a(dqifs00746.o)
 .bss           0x0000000000407960        0x0 C:/Program Files/mingw64/bin/../lib/gcc/x86_64-w64-mingw32/8.1.0/../../../../x86_64-w64-mingw32/lib/../lib/libkernel32.a(dqifs00721.o)
 .bss           0x0000000000407960        0x0 C:/Program Files/mingw64/bin/../lib/gcc/x86_64-w64-mingw32/8.1.0/../../../../x86_64-w64-mingw32/lib/../lib/libkernel32.a(dqifs00609.o)
 .bss           0x0000000000407960        0x0 C:/Program Files/mingw64/bin/../lib/gcc/x86_64-w64-mingw32/8.1.0/../../../../x86_64-w64-mingw32/lib/../lib/libkernel32.a(dqifs00540.o)
 .bss           0x0000000000407960        0x0 C:/Program Files/mingw64/bin/../lib/gcc/x86_64-w64-mingw32/8.1.0/../../../../x86_64-w64-mingw32/lib/../lib/libkernel32.a(dqifs00536.o)
 .bss           0x0000000000407960        0x0 C:/Program Files/mingw64/bin/../lib/gcc/x86_64-w64-mingw32/8.1.0/../../../../x86_64-w64-mingw32/lib/../lib/libkernel32.a(dqifs00535.o)
 .bss           0x0000000000407960        0x0 C:/Program Files/mingw64/bin/../lib/gcc/x86_64-w64-mingw32/8.1.0/../../../../x86_64-w64-mingw32/lib/../lib/libkernel32.a(dqifs00304.o)
 .bss           0x0000000000407960        0x0 C:/Program Files/mingw64/bin/../lib/gcc/x86_64-w64-mingw32/8.1.0/../../../../x86_64-w64-mingw32/lib/../lib/libkernel32.a(dqifs00268.o)
 .bss           0x0000000000407960        0x0 C:/Program Files/mingw64/bin/../lib/gcc/x86_64-w64-mingw32/8.1.0/../../../../x86_64-w64-mingw32/lib/../lib/libkernel32.a(dqifh.o)
 .bss           0x0000000000407960        0x0 C:/Program Files/mingw64/bin/../lib/gcc/x86_64-w64-mingw32/8.1.0/../../../../x86_64-w64-mingw32/lib/../lib/libkernel32.a(dqift.o)
 .bss           0x0000000000407960        0x0 C:/Program Files/mingw64/bin/../lib/gcc/x86_64-w64-mingw32/8.1.0/../../../../x86_64-w64-mingw32/lib/../lib/libmsvcrt.a(duags00253.o)
 .bss           0x0000000000407960        0x0 C:/Program Files/mingw64/bin/../lib/gcc/x86_64-w64-mingw32/8.1.0/crtend.o
 *(COMMON)
 COMMON         0x0000000000407960       0x10 C:/Program Files/mingw64/bin/../lib/gcc/x86_64-w64-mingw32/8.1.0/../../../../x86_64-w64-mingw32/lib/../lib/crt2.o
                0x0000000000407960                __mingw_winmain_lpCmdLine
                0x0000000000407968                __mingw_winmain_hInstance
 COMMON         0x0000000000407970       0x10 C:/Program Files/mingw64/bin/../lib/gcc/x86_64-w64-mingw32/8.1.0/../../../../x86_64-w64-mingw32/lib/../lib/libmingw32.a(lib64_libmingw32_a-natstart.o)
                0x0000000000407970                __native_startup_state
                0x0000000000407978                __native_startup_lock
 COMMON         0x0000000000407980        0x0 C:/Program Files/mingw64/bin/../lib/gcc/x86_64-w64-mingw32/8.1.0/libgcc.a(_ctors.o)
                0x0000000000407980                __bss_end__ = .

.edata
 *(.edata)

/DISCARD/
 *(.debug$S)
 *(.debug$T)
 *(.debug$F)
 *(.drectve)
 *(.note.GNU-stack)
 *(.gnu.lto_*)

.idata          0x0000000000408000      0x800
 SORT_BY_NAME(*)(.idata$2)
 .idata$2       0x0000000000408000       0x14 C:/Program Files/mingw64/bin/../lib/gcc/x86_64-w64-mingw32/8.1.0/../../../../x86_64-w64-mingw32/lib/../lib/libkernel32.a(dqifh.o)
                0x0000000000408000                _head_lib64_libkernel32_a
 .idata$2       0x0000000000408014       0x14 C:/Program Files/mingw64/bin/../lib/gcc/x86_64-w64-mingw32/8.1.0/../../../../x86_64-w64-mingw32/lib/../lib/libmsvcrt.a(duagh.o)
                0x0000000000408014                _head_lib64_libmsvcrt_os_a
 SORT_BY_NAME(*)(.idata$3)
                0x0000000000408028        0x4 LONG 0x0
                0x000000000040802c        0x4 LONG 0x0
                0x0000000000408030        0x4 LONG 0x0
                0x0000000000408034        0x4 LONG 0x0
                0x0000000000408038        0x4 LONG 0x0
 SORT_BY_NAME(*)(.idata$4)
 .idata$4       0x000000000040803c        0x0 C:/Program Files/mingw64/bin/../lib/gcc/x86_64-w64-mingw32/8.1.0/../../../../x86_64-w64-mingw32/lib/../lib/libkernel32.a(dqifh.o)
 .idata$4       0x000000000040803c        0x8 C:/Program Files/mingw64/bin/../lib/gcc/x86_64-w64-mingw32/8.1.0/../../../../x86_64-w64-mingw32/lib/../lib/libkernel32.a(dqifs00268.o)
 .idata$4       0x0000000000408044        0x8 C:/Program Files/mingw64/bin/../lib/gcc/x86_64-w64-mingw32/8.1.0/../../../../x86_64-w64-mingw32/lib/../lib/libkernel32.a(dqifs00304.o)
 .idata$4       0x000000000040804c        0x8 C:/Program Files/mingw64/bin/../lib/gcc/x86_64-w64-mingw32/8.1.0/../../../../x86_64-w64-mingw32/lib/../lib/libkernel32.a(dqifs00535.o)
 .idata$4       0x0000000000408054        0x8 C:/Program Files/mingw64/bin/../lib/gcc/x86_64-w64-mingw32/8.1.0/../../../../x86_64-w64-mingw32/lib/../lib/libkernel32.a(dqifs00536.o)
 .idata$4       0x000000000040805c        0x8 C:/Program Files/mingw64/bin/../lib/gcc/x86_64-w64-mingw32/8.1.0/../../../../x86_64-w64-mingw32/lib/../lib/libkernel32.a(dqifs00540.o)
 .idata$4       0x0000000000408064        0x8 C:/Program Files/mingw64/bin/../lib/gcc/x86_64-w64-mingw32/8.1.0/../../../../x86_64-w64-mingw32/lib/../lib/libkernel32.a(dqifs00609.o)
 .idata$4       0x000000000040806c        0x8 C:/Program Files/mingw64/bin/../lib/gcc/x86_64-w64-mingw32/8.1.0/../../../../x86_64-w64-mingw32/lib/../lib/libkernel32.a(dqifs00721.o)
 .idata$4       0x0000000000408074        0x8 C:/Program Files/mingw64/bin/../lib/gcc/x86_64-w64-mingw32/8.1.0/../../../../x86_64-w64-mingw32/lib/../lib/libkernel32.a(dqifs00746.o)
 .idata$4       0x000000000040807c        0x8 C:/Program Files/mingw64/bin/../lib/gcc/x86_64-w64-mingw32/8.1.0/../../../../x86_64-w64-mingw32/lib/../lib/libkernel32.a(dqifs00774.o)
 .idata$4       0x0000000000408084        0x8 C:/Program Files/mingw64/bin/../lib/gcc/x86_64-w64-mingw32/8.1.0/../../../../x86_64-w64-mingw32/lib/../lib/libkernel32.a(dqifs00863.o)
 .idata$4       0x000000000040808c        0x8 C:/Program Files/mingw64/bin/../lib/gcc/x86_64-w64-mingw32/8.1.0/../../../../x86_64-w64-mingw32/lib/../lib/libkernel32.a(dqifs00951.o)
 .idata$4       0x0000000000408094        0x8 C:/Program Files/mingw64/bin/../lib/gcc/x86_64-w64-mingw32/8.1.0/../../../../x86_64-w64-mingw32/lib/../lib/libkernel32.a(dqifs01093.o)
 .idata$4       0x000000000040809c        0x8 C:/Program Files/mingw64/bin/../lib/gcc/x86_64-w64-mingw32/8.1.0/../../../../x86_64-w64-mingw32/lib/../lib/libkernel32.a(dqifs01179.o)
 .idata$4       0x00000000004080a4        0x8 C:/Program Files/mingw64/bin/../lib/gcc/x86_64-w64-mingw32/8.1.0/../../../../x86_64-w64-mingw32/lib/../lib/libkernel32.a(dqifs01180.o)
 .idata$4       0x00000000004080ac        0x8 C:/Program Files/mingw64/bin/../lib/gcc/x86_64-w64-mingw32/8.1.0/../../../../x86_64-w64-mingw32/lib/../lib/libkernel32.a(dqifs01187.o)
 .idata$4       0x00000000004080b4        0x8 C:/Program Files/mingw64/bin/../lib/gcc/x86_64-w64-mingw32/8.1.0/../../../../x86_64-w64-mingw32/lib/../lib/libkernel32.a(dqifs01194.o)
 .idata$4       0x00000000004080bc        0x8 C:/Program Files/mingw64/bin/../lib/gcc/x86_64-w64-mingw32/8.1.0/../../../../x86_64-w64-mingw32/lib/../lib/libkernel32.a(dqifs01346.o)
 .idata$4       0x00000000004080c4        0x8 C:/Program Files/mingw64/bin/../lib/gcc/x86_64-w64-mingw32/8.1.0/../../../../x86_64-w64-mingw32/lib/../lib/libkernel32.a(dqifs01360.o)
 .idata$4       0x00000000004080cc        0x8 C:/Program Files/mingw64/bin/../lib/gcc/x86_64-w64-mingw32/8.1.0/../../../../x86_64-w64-mingw32/lib/../lib/libkernel32.a(dqifs01375.o)
 .idata$4       0x00000000004080d4        0x8 C:/Program Files/mingw64/bin/../lib/gcc/x86_64-w64-mingw32/8.1.0/../../../../x86_64-w64-mingw32/lib/../lib/libkernel32.a(dqifs01395.o)
 .idata$4       0x00000000004080dc        0x8 C:/Program Files/mingw64/bin/../lib/gcc/x86_64-w64-mingw32/8.1.0/../../../../x86_64-w64-mingw32/lib/../lib/libkernel32.a(dqifs01409.o)
 .idata$4       0x00000000004080e4        0x8 C:/Program Files/mingw64/bin/../lib/gcc/x86_64-w64-mingw32/8.1.0/../../../../x86_64-w64-mingw32/lib/../lib/libkernel32.a(dqifs01443.o)
 .idata$4       0x00000000004080ec        0x8 C:/Program Files/mingw64/bin/../lib/gcc/x86_64-w64-mingw32/8.1.0/../../../../x86_64-w64-mingw32/lib/../lib/libkernel32.a(dqifs01445.o)
 .idata$4       0x00000000004080f4        0x8 C:/Program Files/mingw64/bin/../lib/gcc/x86_64-w64-mingw32/8.1.0/../../../../x86_64-w64-mingw32/lib/../lib/libkernel32.a(dqift.o)
 .idata$4       0x00000000004080fc        0x0 C:/Program Files/mingw64/bin/../lib/gcc/x86_64-w64-mingw32/8.1.0/../../../../x86_64-w64-mingw32/lib/../lib/libmsvcrt.a(duagh.o)
 .idata$4       0x00000000004080fc        0x8 C:/Program Files/mingw64/bin/../lib/gcc/x86_64-w64-mingw32/8.1.0/../../../../x86_64-w64-mingw32/lib/../lib/libmsvcrt.a(duags00055.o)
 .idata$4       0x0000000000408104        0x8 C:/Program Files/mingw64/bin/../lib/gcc/x86_64-w64-mingw32/8.1.0/../../../../x86_64-w64-mingw32/lib/../lib/libmsvcrt.a(duags00081.o)
 .idata$4       0x000000000040810c        0x8 C:/Program Files/mingw64/bin/../lib/gcc/x86_64-w64-mingw32/8.1.0/../../../../x86_64-w64-mingw32/lib/../lib/libmsvcrt.a(duags00082.o)
 .idata$4       0x0000000000408114        0x8 C:/Program Files/mingw64/bin/../lib/gcc/x86_64-w64-mingw32/8.1.0/../../../../x86_64-w64-mingw32/lib/../lib/libmsvcrt.a(duags00083.o)
 .idata$4       0x000000000040811c        0x8 C:/Program Files/mingw64/bin/../lib/gcc/x86_64-w64-mingw32/8.1.0/../../../../x86_64-w64-mingw32/lib/../lib/libmsvcrt.a(duags00090.o)
 .idata$4       0x0000000000408124        0x8 C:/Program Files/mingw64/bin/../lib/gcc/x86_64-w64-mingw32/8.1.0/../../../../x86_64-w64-mingw32/lib/../lib/libmsvcrt.a(duags00096.o)
 .idata$4       0x000000000040812c        0x8 C:/Program Files/mingw64/bin/../lib/gcc/x86_64-w64-mingw32/8.1.0/../../../../x86_64-w64-mingw32/lib/../lib/libmsvcrt.a(duags00098.o)
 .idata$4       0x0000000000408134        0x8 C:/Program Files/mingw64/bin/../lib/gcc/x86_64-w64-mingw32/8.1.0/../../../../x86_64-w64-mingw32/lib/../lib/libmsvcrt.a(duags00115.o)
 .idata$4       0x000000000040813c        0x8 C:/Program Files/mingw64/bin/../lib/gcc/x86_64-w64-mingw32/8.1.0/../../../../x86_64-w64-mingw32/lib/../lib/libmsvcrt.a(duags00122.o)
 .idata$4       0x0000000000408144        0x8 C:/Program Files/mingw64/bin/../lib/gcc/x86_64-w64-mingw32/8.1.0/../../../../x86_64-w64-mingw32/lib/../lib/libmsvcrt.a(duags00141.o)
 .idata$4       0x000000000040814c        0x8 C:/Program Files/mingw64/bin/../lib/gcc/x86_64-w64-mingw32/8.1.0/../../../../x86_64-w64-mingw32/lib/../lib/libmsvcrt.a(duags00253.o)
 .idata$4       0x0000000000408154        0x8 C:/Program Files/mingw64/bin/../lib/gcc/x86_64-w64-mingw32/8.1.0/../../../../x86_64-w64-mingw32/lib/../lib/libmsvcrt.a(duags00332.o)
 .idata$4       0x000000000040815c        0x8 C:/Program Files/mingw64/bin/../lib/gcc/x86_64-w64-mingw32/8.1.0/../../../../x86_64-w64-mingw32/lib/../lib/libmsvcrt.a(duags00614.o)
 .idata$4       0x0000000000408164        0x8 C:/Program Files/mingw64/bin/../lib/gcc/x86_64-w64-mingw32/8.1.0/../../../../x86_64-w64-mingw32/lib/../lib/libmsvcrt.a(duags01032.o)
 .idata$4       0x000000000040816c        0x8 C:/Program Files/mingw64/bin/../lib/gcc/x86_64-w64-mingw32/8.1.0/../../../../x86_64-w64-mingw32/lib/../lib/libmsvcrt.a(duags01050.o)
 .idata$4       0x0000000000408174        0x8 C:/Program Files/mingw64/bin/../lib/gcc/x86_64-w64-mingw32/8.1.0/../../../../x86_64-w64-mingw32/lib/../lib/libmsvcrt.a(duags01063.o)
 .idata$4       0x000000000040817c        0x8 C:/Program Files/mingw64/bin/../lib/gcc/x86_64-w64-mingw32/8.1.0/../../../../x86_64-w64-mingw32/lib/../lib/libmsvcrt.a(duags01082.o)
 .idata$4       0x0000000000408184        0x8 C:/Program Files/mingw64/bin/../lib/gcc/x86_64-w64-mingw32/8.1.0/../../../../x86_64-w64-mingw32/lib/../lib/libmsvcrt.a(duags01089.o)
 .idata$4       0x000000000040818c        0x8 C:/Program Files/mingw64/bin/../lib/gcc/x86_64-w64-mingw32/8.1.0/../../../../x86_64-w64-mingw32/lib/../lib/libmsvcrt.a(duags01101.o)
 .idata$4       0x0000000000408194        0x8 C:/Program Files/mingw64/bin/../lib/gcc/x86_64-w64-mingw32/8.1.0/../../../../x86_64-w64-mingw32/lib/../lib/libmsvcrt.a(duags01149.o)
 .idata$4       0x000000000040819c        0x8 C:/Program Files/mingw64/bin/../lib/gcc/x86_64-w64-mingw32/8.1.0/../../../../x86_64-w64-mingw32/lib/../lib/libmsvcrt.a(duags01157.o)
 .idata$4       0x00000000004081a4        0x8 C:/Program Files/mingw64/bin/../lib/gcc/x86_64-w64-mingw32/8.1.0/../../../../x86_64-w64-mingw32/lib/../lib/libmsvcrt.a(duags01187.o)
 .idata$4       0x00000000004081ac        0x8 C:/Program Files/mingw64/bin/../lib/gcc/x86_64-w64-mingw32/8.1.0/../../../../x86_64-w64-mingw32/lib/../lib/libmsvcrt.a(duags01208.o)
 .idata$4       0x00000000004081b4        0x8 C:/Program Files/mingw64/bin/../lib/gcc/x86_64-w64-mingw32/8.1.0/../../../../x86_64-w64-mingw32/lib/../lib/libmsvcrt.a(duags01211.o)
 .idata$4       0x00000000004081bc        0x8 C:/Program Files/mingw64/bin/../lib/gcc/x86_64-w64-mingw32/8.1.0/../../../../x86_64-w64-mingw32/lib/../lib/libmsvcrt.a(duags01243.o)
 .idata$4       0x00000000004081c4        0x8 C:/Program Files/mingw64/bin/../lib/gcc/x86_64-w64-mingw32/8.1.0/../../../../x86_64-w64-mingw32/lib/../lib/libmsvcrt.a(duagt.o)
                0x00000000004081cc                __IAT_start__ = .
 SORT_BY_NAME(*)(.idata$5)
 .idata$5       0x00000000004081cc        0x0 C:/Program Files/mingw64/bin/../lib/gcc/x86_64-w64-mingw32/8.1.0/../../../../x86_64-w64-mingw32/lib/../lib/libkernel32.a(dqifh.o)
 .idata$5       0x00000000004081cc        0x8 C:/Program Files/mingw64/bin/../lib/gcc/x86_64-w64-mingw32/8.1.0/../../../../x86_64-w64-mingw32/lib/../lib/libkernel32.a(dqifs00268.o)
                0x00000000004081cc                __imp_DeleteCriticalSection
 .idata$5       0x00000000004081d4        0x8 C:/Program Files/mingw64/bin/../lib/gcc/x86_64-w64-mingw32/8.1.0/../../../../x86_64-w64-mingw32/lib/../lib/libkernel32.a(dqifs00304.o)
                0x00000000004081d4                __imp_EnterCriticalSection
 .idata$5       0x00000000004081dc        0x8 C:/Program Files/mingw64/bin/../lib/gcc/x86_64-w64-mingw32/8.1.0/../../../../x86_64-w64-mingw32/lib/../lib/libkernel32.a(dqifs00535.o)
                0x00000000004081dc                __imp_GetCurrentProcess
 .idata$5       0x00000000004081e4        0x8 C:/Program Files/mingw64/bin/../lib/gcc/x86_64-w64-mingw32/8.1.0/../../../../x86_64-w64-mingw32/lib/../lib/libkernel32.a(dqifs00536.o)
                0x00000000004081e4                __imp_GetCurrentProcessId
 .idata$5       0x00000000004081ec        0x8 C:/Program Files/mingw64/bin/../lib/gcc/x86_64-w64-mingw32/8.1.0/../../../../x86_64-w64-mingw32/lib/../lib/libkernel32.a(dqifs00540.o)
                0x00000000004081ec                __imp_GetCurrentThreadId
 .idata$5       0x00000000004081f4        0x8 C:/Program Files/mingw64/bin/../lib/gcc/x86_64-w64-mingw32/8.1.0/../../../../x86_64-w64-mingw32/lib/../lib/libkernel32.a(dqifs00609.o)
                0x00000000004081f4                __imp_GetLastError
 .idata$5       0x00000000004081fc        0x8 C:/Program Files/mingw64/bin/../lib/gcc/x86_64-w64-mingw32/8.1.0/../../../../x86_64-w64-mingw32/lib/../lib/libkernel32.a(dqifs00721.o)
                0x00000000004081fc                __imp_GetStartupInfoA
 .idata$5       0x0000000000408204        0x8 C:/Program Files/mingw64/bin/../lib/gcc/x86_64-w64-mingw32/8.1.0/../../../../x86_64-w64-mingw32/lib/../lib/libkernel32.a(dqifs00746.o)
                0x0000000000408204                __imp_GetSystemTimeAsFileTime
 .idata$5       0x000000000040820c        0x8 C:/Program Files/mingw64/bin/../lib/gcc/x86_64-w64-mingw32/8.1.0/../../../../x86_64-w64-mingw32/lib/../lib/libkernel32.a(dqifs00774.o)
                0x000000000040820c                __imp_GetTickCount
 .idata$5       0x0000000000408214        0x8 C:/Program Files/mingw64/bin/../lib/gcc/x86_64-w64-mingw32/8.1.0/../../../../x86_64-w64-mingw32/lib/../lib/libkernel32.a(dqifs00863.o)
                0x0000000000408214                __imp_InitializeCriticalSection
 .idata$5       0x000000000040821c        0x8 C:/Program Files/mingw64/bin/../lib/gcc/x86_64-w64-mingw32/8.1.0/../../../../x86_64-w64-mingw32/lib/../lib/libkernel32.a(dqifs00951.o)
                0x000000000040821c                __imp_LeaveCriticalSection
 .idata$5       0x0000000000408224        0x8 C:/Program Files/mingw64/bin/../lib/gcc/x86_64-w64-mingw32/8.1.0/../../../../x86_64-w64-mingw32/lib/../lib/libkernel32.a(dqifs01093.o)
                0x0000000000408224                __imp_QueryPerformanceCounter
 .idata$5       0x000000000040822c        0x8 C:/Program Files/mingw64/bin/../lib/gcc/x86_64-w64-mingw32/8.1.0/../../../../x86_64-w64-mingw32/lib/../lib/libkernel32.a(dqifs01179.o)
                0x000000000040822c                __imp_RtlAddFunctionTable
 .idata$5       0x0000000000408234        0x8 C:/Program Files/mingw64/bin/../lib/gcc/x86_64-w64-mingw32/8.1.0/../../../../x86_64-w64-mingw32/lib/../lib/libkernel32.a(dqifs01180.o)
                0x0000000000408234                __imp_RtlCaptureContext
 .idata$5       0x000000000040823c        0x8 C:/Program Files/mingw64/bin/../lib/gcc/x86_64-w64-mingw32/8.1.0/../../../../x86_64-w64-mingw32/lib/../lib/libkernel32.a(dqifs01187.o)
                0x000000000040823c                __imp_RtlLookupFunctionEntry
 .idata$5       0x0000000000408244        0x8 C:/Program Files/mingw64/bin/../lib/gcc/x86_64-w64-mingw32/8.1.0/../../../../x86_64-w64-mingw32/lib/../lib/libkernel32.a(dqifs01194.o)
                0x0000000000408244                __imp_RtlVirtualUnwind
 .idata$5       0x000000000040824c        0x8 C:/Program Files/mingw64/bin/../lib/gcc/x86_64-w64-mingw32/8.1.0/../../../../x86_64-w64-mingw32/lib/../lib/libkernel32.a(dqifs01346.o)
                0x000000000040824c                __imp_SetUnhandledExceptionFilter
 .idata$5       0x0000000000408254        0x8 C:/Program Files/mingw64/bin/../lib/gcc/x86_64-w64-mingw32/8.1.0/../../../../x86_64-w64-mingw32/lib/../lib/libkernel32.a(dqifs01360.o)
                0x0000000000408254                __imp_Sleep
 .idata$5       0x000000000040825c        0x8 C:/Program Files/mingw64/bin/../lib/gcc/x86_64-w64-mingw32/8.1.0/../../../../x86_64-w64-mingw32/lib/../lib/libkernel32.a(dqifs01375.o)
                0x000000000040825c                __imp_TerminateProcess
 .idata$5       0x0000000000408264        0x8 C:/Program Files/mingw64/bin/../lib/gcc/x86_64-w64-mingw32/8.1.0/../../../../x86_64-w64-mingw32/lib/../lib/libkernel32.a(dqifs01395.o)
                0x0000000000408264                __imp_TlsGetValue
 .idata$5       0x000000000040826c        0x8 C:/Program Files/mingw64/bin/../lib/gcc/x86_64-w64-mingw32/8.1.0/../../../../x86_64-w64-mingw32/lib/../lib/libkernel32.a(dqifs01409.o)
                0x000000000040826c                __imp_UnhandledExceptionFilter
 .idata$5       0x0000000000408274        0x8 C:/Program Files/mingw64/bin/../lib/gcc/x86_64-w64-mingw32/8.1.0/../../../../x86_64-w64-mingw32/lib/../lib/libkernel32.a(dqifs01443.o)
                0x0000000000408274                __imp_VirtualProtect
 .idata$5       0x000000000040827c        0x8 C:/Program Files/mingw64/bin/../lib/gcc/x86_64-w64-mingw32/8.1.0/../../../../x86_64-w64-mingw32/lib/../lib/libkernel32.a(dqifs01445.o)
                0x000000000040827c                __imp_VirtualQuery
 .idata$5       0x0000000000408284        0x8 C:/Program Files/mingw64/bin/../lib/gcc/x86_64-w64-mingw32/8.1.0/../../../../x86_64-w64-mingw32/lib/../lib/libkernel32.a(dqift.o)
 .idata$5       0x000000000040828c        0x0 C:/Program Files/mingw64/bin/../lib/gcc/x86_64-w64-mingw32/8.1.0/../../../../x86_64-w64-mingw32/lib/../lib/libmsvcrt.a(duagh.o)
 .idata$5       0x000000000040828c        0x8 C:/Program Files/mingw64/bin/../lib/gcc/x86_64-w64-mingw32/8.1.0/../../../../x86_64-w64-mingw32/lib/../lib/libmsvcrt.a(duags00055.o)
                0x000000000040828c                __imp___C_specific_handler
 .idata$5       0x0000000000408294        0x8 C:/Program Files/mingw64/bin/../lib/gcc/x86_64-w64-mingw32/8.1.0/../../../../x86_64-w64-mingw32/lib/../lib/libmsvcrt.a(duags00081.o)
                0x0000000000408294                __imp___getmainargs