Turbo Assembler	 Version 4.1	    02/17/23 10:36:33	    Page 1
drawbox.asm



      1	0000			     .model tiny
      2	0000			     .code
      3				     locals @@
      4				     org 100h
      5
      6	0100			     Start:
      7	0100  B8 B800				     mov ax, 0b800h		     ; адрес сегмента с	видеопамятью
      8	0103  8E C0				     mov es, ax			     ;
      9
     10	0105  BB 0690				     mov bx, 160d*10 + 160d/2	     ; Середина	строчки
     11										     ; Каждой строчке соответствует 160	байт
     12
     13	0108  BB 0000				     mov bx, 0			     ;
     14
     15	010B  B4 0A				     mov ah, 00001010b		     ; Bright green
     16	010D  BB 0B4A				     mov bx, 160d*18+10d
     17	0110  B5 05				     mov ch, 5			     ; Box H
     18	0112  B1 13				     mov cl, 19			     ; Box W
     19	0114  E8 0005				     call DrawBox
     20
     21	0117  B8 4C00				     mov ax, 4c00h		     ; exit(0)
     22	011A  CD 21				     int 21h
     23
     24				     ;------------------------------------------------
     25				     ; Draws box on the	screen
     26				     ;------------------------------------------------
     27				     ; Entry:	     AH	= color	attr
     28				     ;		     BX	= start	addr to	draw
     29				     ;		     CH	= height of box
     30				     ;		     CL	= width	of box
     31				     ;
     32				     ; Expects:	     ES	-> Video segment
     33				     ;
     34				     ; Exit:	     None
     35				     ;
     36				     ; Destroys:     AL	BX DX
     37				     ;------------------------------------------------
     38
     39	011C			     DrawBox	     proc
     40						     ; push cx			       ; Store cx to stack
     41	011C  8B D1				     mov dx, cx			     ; Store cx	to dx
     42
     43	011E  A0 0000r				     mov al, byte ptr [BoxSymbols]   ; "?" -> ax (colored)
     44	0121  26: 89 07				     mov es:[bx], ax		     ;
     45
     46										     ;-------------------------------------------
     47
     48	0124  A0 0001r				     mov al, byte ptr [BoxSymbols+1] ; "?" -> ax (colored)
     49	0127  B5 00				     mov ch, 0			     ; cx = width
     50	0129  83 E9 02				     sub cx, 2d
     51	012C			     @@UpLine:					     ; <-----------------\
     52	012C  83 C3 02				     add bx, 2			     ; b+=2 (Next char)	 |
     53	012F  26: 89 07				     mov es:[bx], ax		     ;			 |
     54										     ;			 |
     55	0132  E2 F8				     loop @@UpLine		     ; >-----------------/
     56
     57										     ;-------------------------------------------
Turbo Assembler	 Version 4.1	    02/17/23 10:36:33	    Page 2
drawbox.asm



     58
     59	0134  A0 0002r				     mov al, byte ptr [BoxSymbols+2] ; "?" -> ax (colored)
     60	0137  83 C3 02				     add bx, 2			     ; b+=2 (Next char)
     61	013A  26: 89 07				     mov es:[bx], ax		     ;
     62
     63										     ;-------------------------------------------
     64
     65	013D  A0 0003r				     mov al, byte ptr [BoxSymbols+3] ; "?" -> ax (colored)
     66						     ; pop cx
     67						     ; push cx
     68	0140  8B CA				     mov cx, dx
     69	0142  8A CD				     mov cl, ch
     70	0144  B5 00				     mov ch, 0			     ; cx = height
     71	0146  83 E9 02				     sub cx, 2d
     72	0149			     @@RightLine:				     ; <-----------------\
     73	0149  81 C3 00A0			     add bx, 160d		     ; b+=160 (Next line)|
     74	014D  26: 89 07				     mov es:[bx], ax		     ;			 |
     75										     ;			 |
     76	0150  E2 F7				     loop @@RightLine		     ; >-----------------/
     77
     78										     ;-------------------------------------------
     79
     80	0152  A0 0004r				     mov al, byte ptr [BoxSymbols+4] ; "?" -> ax (colored)
     81	0155  81 C3 00A0			     add bx, 160d		     ; b+=160 (Next line)|
     82	0159  26: 89 07				     mov es:[bx], ax		     ;
     83
     84										     ;-------------------------------------------
     85
     86	015C  A0 0001r				     mov al, byte ptr [BoxSymbols+1] ; "?" -> ax (colored)
     87						     ; pop cx
     88						     ; push cx
     89	015F  8B CA				     mov cx, dx
     90	0161  B5 00				     mov ch, 0			     ; cx = width
     91	0163  83 E9 02				     sub cx, 2d
     92	0166			     @@BottomLine:				     ; <-----------------\
     93	0166  83 EB 02				     sub bx, 2			     ; b-=2 (Prev char)	 |
     94	0169  26: 89 07				     mov es:[bx], ax		     ;			 |
     95										     ;			 |
     96	016C  E2 F8				     loop @@BottomLine		     ; >-----------------/
     97
     98										     ;-------------------------------------------
     99
    100	016E  A0 0005r				     mov al, byte ptr [BoxSymbols+5] ; "?" -> ax (colored)
    101	0171  83 EB 02				     sub bx, 2			     ; b+=2 (Next char)
    102	0174  26: 89 07				     mov es:[bx], ax		     ;
    103
    104										     ;-------------------------------------------
    105
    106	0177  A0 0003r				     mov al, byte ptr [BoxSymbols+3] ; "?" -> ax (colored)
    107						     ; pop cx
    108						     ; push cx
    109	017A  8B CA				     mov cx, dx
    110	017C  8A CD				     mov cl, ch
    111	017E  B5 00				     mov ch, 0			     ; cx = height
    112	0180  83 E9 02				     sub cx, 2d
    113	0183			     @@LeftLine:				     ; <-----------------\
    114	0183  81 EB 00A0			     sub bx, 160d		     ; b+=160 (Next line)|
Turbo Assembler	 Version 4.1	    02/17/23 10:36:33	    Page 3
drawbox.asm



    115	0187  26: 89 07				     mov es:[bx], ax		     ;			 |
    116										     ;			 |
    117	018A  E2 F7				     loop @@LeftLine		     ; >-----------------/
    118
    119										     ;-------------------------------------------
    120
    121						     ; pop cx			       ; Clear stack
    122	018C  8B CA				     mov cx, dx
    123
    124	018E  C3				     ret
    125	018F			     DrawBox	     endp
    126
    127				     ;------------------------------------------------
    128				     ;------------------------------------------------
    129
    130	018F			     .data
    131
    132	0000  C9 CD BB BA BC C8	     BoxSymbols:     db	0c9h, 0cdh, 0bbh, 0bah,	0bch, 0c8h ; "??????"
    133
    134				     end	     Start
Turbo Assembler	 Version 4.1	    02/17/23 10:36:33	    Page 4
Symbol Table




Symbol Name			  Type	 Value

??DATE				  Text	 "02/17/23"
??FILENAME			  Text	 "drawbox "
??TIME				  Text	 "10:36:33"
??VERSION			  Number 040A
@32BIT				  Text	 0
@@BOTTOMLINE			  Near	 DGROUP:0166
@@LEFTLINE			  Near	 DGROUP:0183
@@RIGHTLINE			  Near	 DGROUP:0149
@@UPLINE			  Near	 DGROUP:012C
@CODE				  Text	 DGROUP
@CODESIZE			  Text	 0
@CPU				  Text	 0101H
@CURSEG				  Text	 _DATA
@DATA				  Text	 DGROUP
@DATASIZE			  Text	 0
@FILENAME			  Text	 DRAWBOX
@INTERFACE			  Text	 000H
@MODEL				  Text	 1
@STACK				  Text	 DGROUP
@WORDSIZE			  Text	 2
BOXSYMBOLS			  Near	 DGROUP:0000
DRAWBOX				  Near	 DGROUP:011C
START				  Near	 DGROUP:0100

Groups & Segments		  Bit Size Align  Combine Class

DGROUP				  Group
  _DATA				  16  0006 Word	  Public  DATA
  _TEXT				  16  018F Word	  Public  CODE
